C:/workspaceformotor/stm32motorbench/inittest/MCSDK_v6.4.1-Full/MotorControl/MCSDK/MCLib/G4xx/Src/ics_g4xx_pwm_curr_fdbk.c:136:13:ICS_ADCxInit	8	static
C:/workspaceformotor/stm32motorbench/inittest/MCSDK_v6.4.1-Full/MotorControl/MCSDK/MCLib/G4xx/Src/ics_g4xx_pwm_curr_fdbk.c:390:13:ICS_GetPhaseCurrents	12	static
C:/workspaceformotor/stm32motorbench/inittest/MCSDK_v6.4.1-Full/MotorControl/MCSDK/MCLib/G4xx/Src/ics_g4xx_pwm_curr_fdbk.c:459:17:ICS_WriteTIMRegisters	8	static
C:/workspaceformotor/stm32motorbench/inittest/MCSDK_v6.4.1-Full/MotorControl/MCSDK/MCLib/G4xx/Src/ics_g4xx_pwm_curr_fdbk.c:493:13:ICS_HFCurrentsPolarization	8	static
C:/workspaceformotor/stm32motorbench/inittest/MCSDK_v6.4.1-Full/MotorControl/MCSDK/MCLib/G4xx/Src/ics_g4xx_pwm_curr_fdbk.c:570:13:ICS_SwitchOnPWM	16	static
C:/workspaceformotor/stm32motorbench/inittest/MCSDK_v6.4.1-Full/MotorControl/MCSDK/MCLib/G4xx/Src/ics_g4xx_pwm_curr_fdbk.c:914:13:ICS_RLGetPhaseCurrents	4	static
C:/workspaceformotor/stm32motorbench/inittest/MCSDK_v6.4.1-Full/MotorControl/MCSDK/MCLib/G4xx/Src/ics_g4xx_pwm_curr_fdbk.c:1015:13:ICS_RLSwitchOnPWM	20	static
C:/workspaceformotor/stm32motorbench/inittest/MCSDK_v6.4.1-Full/MotorControl/MCSDK/MCLib/G4xx/Src/ics_g4xx_pwm_curr_fdbk.c:530:13:ICS_TurnOnLowSides	4	static
C:/workspaceformotor/stm32motorbench/inittest/MCSDK_v6.4.1-Full/MotorControl/MCSDK/MCLib/G4xx/Src/ics_g4xx_pwm_curr_fdbk.c:626:13:ICS_SwitchOffPWM	4	static
C:/workspaceformotor/stm32motorbench/inittest/MCSDK_v6.4.1-Full/MotorControl/MCSDK/MCLib/G4xx/Src/ics_g4xx_pwm_curr_fdbk.c:971:13:ICS_RLTurnOnLowSides	4	static
C:/workspaceformotor/stm32motorbench/inittest/MCSDK_v6.4.1-Full/MotorControl/MCSDK/MCLib/G4xx/Src/ics_g4xx_pwm_curr_fdbk.c:69:13:ICS_Init	24	static
C:/workspaceformotor/stm32motorbench/inittest/MCSDK_v6.4.1-Full/MotorControl/MCSDK/MCLib/G4xx/Src/ics_g4xx_pwm_curr_fdbk.c:284:13:ICS_SetOffsetCalib	0	static
C:/workspaceformotor/stm32motorbench/inittest/MCSDK_v6.4.1-Full/MotorControl/MCSDK/MCLib/G4xx/Src/ics_g4xx_pwm_curr_fdbk.c:297:13:ICS_GetOffsetCalib	0	static
C:/workspaceformotor/stm32motorbench/inittest/MCSDK_v6.4.1-Full/MotorControl/MCSDK/MCLib/G4xx/Src/ics_g4xx_pwm_curr_fdbk.c:311:13:ICS_CurrentReadingPolarization	16	static,ignoring_inline_asm
C:/workspaceformotor/stm32motorbench/inittest/MCSDK_v6.4.1-Full/MotorControl/MCSDK/MCLib/G4xx/Src/ics_g4xx_pwm_curr_fdbk.c:671:14:ICS_TIMx_UP_IRQHandler	8	static
C:/workspaceformotor/stm32motorbench/inittest/MCSDK_v6.4.1-Full/MotorControl/MCSDK/MCLib/G4xx/Src/ics_g4xx_pwm_curr_fdbk.c:694:6:ICS_RLDetectionModeEnable	4	static,ignoring_inline_asm
C:/workspaceformotor/stm32motorbench/inittest/MCSDK_v6.4.1-Full/MotorControl/MCSDK/MCLib/G4xx/Src/ics_g4xx_pwm_curr_fdbk.c:754:6:ICS_RLDetectionModeDisable	4	static,ignoring_inline_asm
C:/workspaceformotor/stm32motorbench/inittest/MCSDK_v6.4.1-Full/MotorControl/MCSDK/MCLib/G4xx/Src/ics_g4xx_pwm_curr_fdbk.c:843:10:ICS_RLDetectionModeSetDuty	4	static
C:/workspaceformotor/stm32motorbench/inittest/MCSDK_v6.4.1-Full/MotorControl/MCSDK/MCLib/G4xx/Src/ics_g4xx_pwm_curr_fdbk.c:1095:6:ICS_RLTurnOnLowSidesAndStart	8	static
