C:/workspaceformotor/stm32motorbench/inittest/Src/main.c:119:7:Get_Calibrated_VBUS_V	2
C:/workspaceformotor/stm32motorbench/inittest/Src/main.c:157:7:Get_Temperature_From_Table	6
C:/workspaceformotor/stm32motorbench/inittest/Src/main.c:189:6:TIM1_UVW_SelfTest_Task_SDK	6
C:/workspaceformotor/stm32motorbench/inittest/Src/main.c:225:6:Vdc_check_fun_SDK	7
C:/workspaceformotor/stm32motorbench/inittest/Src/main.c:275:6:TSNS_Check_SDK	13
C:/workspaceformotor/stm32motorbench/inittest/Src/main.c:327:6:Isns_Check_SDK	9
C:/workspaceformotor/stm32motorbench/inittest/Src/main.c:386:6:GaN_Safe_AutoStart_Task	11
C:/workspaceformotor/stm32motorbench/inittest/Src/main.c:451:6:UART3_Print	1
C:/workspaceformotor/stm32motorbench/inittest/Src/main.c:456:6:Debug_Print_Task	9
C:/workspaceformotor/stm32motorbench/inittest/Src/main.c:568:6:SystemClock_Config	3
C:/workspaceformotor/stm32motorbench/inittest/Src/main.c:507:5:main	23
C:/workspaceformotor/stm32motorbench/inittest/Src/main.c:1034:6:Error_Handler	1
