C:/workspaceformotor/stm32motorbench/inittest/Src/main.c:456:7:Get_Temperature_From_Table	7
C:/workspaceformotor/stm32motorbench/inittest/Src/main.c:489:7:Get_Temperature_From_Table_Nearest	7
C:/workspaceformotor/stm32motorbench/inittest/Src/main.c:520:7:Get_Calibrated_VBUS_V	2
C:/workspaceformotor/stm32motorbench/inittest/Src/main.c:552:6:TIM1_UVW_SelfTest_Task_SDK	6
C:/workspaceformotor/stm32motorbench/inittest/Src/main.c:588:6:Vdc_check_fun_SDK	7
C:/workspaceformotor/stm32motorbench/inittest/Src/main.c:638:6:TSNS_Check_SDK	16
C:/workspaceformotor/stm32motorbench/inittest/Src/main.c:687:6:Isns_Check_SDK	9
C:/workspaceformotor/stm32motorbench/inittest/Src/main.c:746:6:GaN_Safe_AutoStart_Task	11
C:/workspaceformotor/stm32motorbench/inittest/Src/main.c:811:6:UART3_Print	1
C:/workspaceformotor/stm32motorbench/inittest/Src/main.c:816:6:Debug_Print_Task	9
C:/workspaceformotor/stm32motorbench/inittest/Src/main.c:920:6:SystemClock_Config	3
C:/workspaceformotor/stm32motorbench/inittest/Src/main.c:859:5:main	23
C:/workspaceformotor/stm32motorbench/inittest/Src/main.c:1386:6:Error_Handler	1
