C:/workspaceformotor/stm32motorbench/inittest/Src/main.c:119:7:Get_Calibrated_VBUS_V	0	static
C:/workspaceformotor/stm32motorbench/inittest/Src/main.c:157:7:Get_Temperature_From_Table	0	static
C:/workspaceformotor/stm32motorbench/inittest/Src/main.c:189:6:TIM1_UVW_SelfTest_Task_SDK	24	static
C:/workspaceformotor/stm32motorbench/inittest/Src/main.c:225:6:Vdc_check_fun_SDK	8	static
C:/workspaceformotor/stm32motorbench/inittest/Src/main.c:275:6:TSNS_Check_SDK	16	static
C:/workspaceformotor/stm32motorbench/inittest/Src/main.c:327:6:Isns_Check_SDK	16	static
C:/workspaceformotor/stm32motorbench/inittest/Src/main.c:386:6:GaN_Safe_AutoStart_Task	8	static
C:/workspaceformotor/stm32motorbench/inittest/Src/main.c:451:6:UART3_Print	8	static
C:/workspaceformotor/stm32motorbench/inittest/Src/main.c:456:6:Debug_Print_Task	320	static
C:/workspaceformotor/stm32motorbench/inittest/Src/main.c:568:6:SystemClock_Config	96	static,ignoring_inline_asm
C:/workspaceformotor/stm32motorbench/inittest/Src/main.c:507:5:main	168	static,ignoring_inline_asm
C:/workspaceformotor/stm32motorbench/inittest/Src/main.c:1034:6:Error_Handler	0	static,ignoring_inline_asm
