C:/workspaceformotor/stm32motorbench/inittest/Src/stm32g4xx_hal_msp.c:68:6:HAL_MspInit	16	static
C:/workspaceformotor/stm32motorbench/inittest/Src/stm32g4xx_hal_msp.c:99:6:HAL_ADC_MspInit	120	static
C:/workspaceformotor/stm32motorbench/inittest/Src/stm32g4xx_hal_msp.c:188:6:HAL_ADC_MspDeInit	8	static
C:/workspaceformotor/stm32motorbench/inittest/Src/stm32g4xx_hal_msp.c:261:6:HAL_CORDIC_MspInit	8	static
C:/workspaceformotor/stm32motorbench/inittest/Src/stm32g4xx_hal_msp.c:284:6:HAL_CORDIC_MspDeInit	0	static
C:/workspaceformotor/stm32motorbench/inittest/Src/stm32g4xx_hal_msp.c:306:6:HAL_TIM_PWM_MspInit	40	static
C:/workspaceformotor/stm32motorbench/inittest/Src/stm32g4xx_hal_msp.c:336:6:HAL_TIM_MspPostInit	56	static
C:/workspaceformotor/stm32motorbench/inittest/Src/stm32g4xx_hal_msp.c:389:6:HAL_TIM_PWM_MspDeInit	8	static
C:/workspaceformotor/stm32motorbench/inittest/Src/stm32g4xx_hal_msp.c:430:6:HAL_UART_MspInit	112	static
C:/workspaceformotor/stm32motorbench/inittest/Src/stm32g4xx_hal_msp.c:513:6:HAL_UART_MspDeInit	8	static
