Archive member included to satisfy reference by file (symbol)

C:/ST/STM32CubeIDE_2.0.0/STM32CubeIDE/plugins/com.st.stm32cube.ide.mcu.externaltools.gnu-tools-for-stm32.13.3.rel1.win32_1.0.100.202509120712/tools/bin/../lib/gcc/arm-none-eabi/13.3.1/../../../../arm-none-eabi/lib/thumb/v7e-m+fp/hard\libc_nano.a(libc_a-exit.o)
                              C:/ST/STM32CubeIDE_2.0.0/STM32CubeIDE/plugins/com.st.stm32cube.ide.mcu.externaltools.gnu-tools-for-stm32.13.3.rel1.win32_1.0.100.202509120712/tools/bin/../lib/gcc/arm-none-eabi/13.3.1/../../../../arm-none-eabi/lib/thumb/v7e-m+fp/hard/crt0.o (exit)
C:/ST/STM32CubeIDE_2.0.0/STM32CubeIDE/plugins/com.st.stm32cube.ide.mcu.externaltools.gnu-tools-for-stm32.13.3.rel1.win32_1.0.100.202509120712/tools/bin/../lib/gcc/arm-none-eabi/13.3.1/../../../../arm-none-eabi/lib/thumb/v7e-m+fp/hard\libc_nano.a(libc_a-findfp.o)
                              C:/ST/STM32CubeIDE_2.0.0/STM32CubeIDE/plugins/com.st.stm32cube.ide.mcu.externaltools.gnu-tools-for-stm32.13.3.rel1.win32_1.0.100.202509120712/tools/bin/../lib/gcc/arm-none-eabi/13.3.1/../../../../arm-none-eabi/lib/thumb/v7e-m+fp/hard\libc_nano.a(libc_a-exit.o) (__stdio_exit_handler)
C:/ST/STM32CubeIDE_2.0.0/STM32CubeIDE/plugins/com.st.stm32cube.ide.mcu.externaltools.gnu-tools-for-stm32.13.3.rel1.win32_1.0.100.202509120712/tools/bin/../lib/gcc/arm-none-eabi/13.3.1/../../../../arm-none-eabi/lib/thumb/v7e-m+fp/hard\libc_nano.a(libc_a-fwalk.o)
                              C:/ST/STM32CubeIDE_2.0.0/STM32CubeIDE/plugins/com.st.stm32cube.ide.mcu.externaltools.gnu-tools-for-stm32.13.3.rel1.win32_1.0.100.202509120712/tools/bin/../lib/gcc/arm-none-eabi/13.3.1/../../../../arm-none-eabi/lib/thumb/v7e-m+fp/hard\libc_nano.a(libc_a-findfp.o) (_fwalk_sglue)
C:/ST/STM32CubeIDE_2.0.0/STM32CubeIDE/plugins/com.st.stm32cube.ide.mcu.externaltools.gnu-tools-for-stm32.13.3.rel1.win32_1.0.100.202509120712/tools/bin/../lib/gcc/arm-none-eabi/13.3.1/../../../../arm-none-eabi/lib/thumb/v7e-m+fp/hard\libc_nano.a(libc_a-snprintf.o)
                              ./Application/User/main.o (snprintf)
C:/ST/STM32CubeIDE_2.0.0/STM32CubeIDE/plugins/com.st.stm32cube.ide.mcu.externaltools.gnu-tools-for-stm32.13.3.rel1.win32_1.0.100.202509120712/tools/bin/../lib/gcc/arm-none-eabi/13.3.1/../../../../arm-none-eabi/lib/thumb/v7e-m+fp/hard\libc_nano.a(libc_a-stdio.o)
                              C:/ST/STM32CubeIDE_2.0.0/STM32CubeIDE/plugins/com.st.stm32cube.ide.mcu.externaltools.gnu-tools-for-stm32.13.3.rel1.win32_1.0.100.202509120712/tools/bin/../lib/gcc/arm-none-eabi/13.3.1/../../../../arm-none-eabi/lib/thumb/v7e-m+fp/hard\libc_nano.a(libc_a-findfp.o) (__sread)
C:/ST/STM32CubeIDE_2.0.0/STM32CubeIDE/plugins/com.st.stm32cube.ide.mcu.externaltools.gnu-tools-for-stm32.13.3.rel1.win32_1.0.100.202509120712/tools/bin/../lib/gcc/arm-none-eabi/13.3.1/../../../../arm-none-eabi/lib/thumb/v7e-m+fp/hard\libc_nano.a(libc_a-memset.o)
                              C:/ST/STM32CubeIDE_2.0.0/STM32CubeIDE/plugins/com.st.stm32cube.ide.mcu.externaltools.gnu-tools-for-stm32.13.3.rel1.win32_1.0.100.202509120712/tools/bin/../lib/gcc/arm-none-eabi/13.3.1/../../../../arm-none-eabi/lib/thumb/v7e-m+fp/hard/crt0.o (memset)
C:/ST/STM32CubeIDE_2.0.0/STM32CubeIDE/plugins/com.st.stm32cube.ide.mcu.externaltools.gnu-tools-for-stm32.13.3.rel1.win32_1.0.100.202509120712/tools/bin/../lib/gcc/arm-none-eabi/13.3.1/../../../../arm-none-eabi/lib/thumb/v7e-m+fp/hard\libc_nano.a(libc_a-closer.o)
                              C:/ST/STM32CubeIDE_2.0.0/STM32CubeIDE/plugins/com.st.stm32cube.ide.mcu.externaltools.gnu-tools-for-stm32.13.3.rel1.win32_1.0.100.202509120712/tools/bin/../lib/gcc/arm-none-eabi/13.3.1/../../../../arm-none-eabi/lib/thumb/v7e-m+fp/hard\libc_nano.a(libc_a-stdio.o) (_close_r)
C:/ST/STM32CubeIDE_2.0.0/STM32CubeIDE/plugins/com.st.stm32cube.ide.mcu.externaltools.gnu-tools-for-stm32.13.3.rel1.win32_1.0.100.202509120712/tools/bin/../lib/gcc/arm-none-eabi/13.3.1/../../../../arm-none-eabi/lib/thumb/v7e-m+fp/hard\libc_nano.a(libc_a-reent.o)
                              C:/ST/STM32CubeIDE_2.0.0/STM32CubeIDE/plugins/com.st.stm32cube.ide.mcu.externaltools.gnu-tools-for-stm32.13.3.rel1.win32_1.0.100.202509120712/tools/bin/../lib/gcc/arm-none-eabi/13.3.1/../../../../arm-none-eabi/lib/thumb/v7e-m+fp/hard\libc_nano.a(libc_a-closer.o) (errno)
C:/ST/STM32CubeIDE_2.0.0/STM32CubeIDE/plugins/com.st.stm32cube.ide.mcu.externaltools.gnu-tools-for-stm32.13.3.rel1.win32_1.0.100.202509120712/tools/bin/../lib/gcc/arm-none-eabi/13.3.1/../../../../arm-none-eabi/lib/thumb/v7e-m+fp/hard\libc_nano.a(libc_a-impure.o)
                              C:/ST/STM32CubeIDE_2.0.0/STM32CubeIDE/plugins/com.st.stm32cube.ide.mcu.externaltools.gnu-tools-for-stm32.13.3.rel1.win32_1.0.100.202509120712/tools/bin/../lib/gcc/arm-none-eabi/13.3.1/../../../../arm-none-eabi/lib/thumb/v7e-m+fp/hard\libc_nano.a(libc_a-snprintf.o) (_impure_ptr)
[...]
Memory Configuration

Name             Origin             Length             Attributes
RAM              0x20000000         0x00008000         xrw
FLASH            0x08000000         0x00020000         xr
*default*        0x00000000         0xffffffff

Linker script and memory map

LOAD C:/ST/STM32CubeIDE_2.0.0/STM32CubeIDE/plugins/com.st.stm32cube.ide.mcu.externaltools.gnu-tools-for-stm32.13.3.rel1.win32_1.0.100.202509120712/tools/bin/../lib/gcc/arm-none-eabi/13.3.1/thumb/v7e-m+fp/hard/crti.o
LOAD C:/ST/STM32CubeIDE_2.0.0/STM32CubeIDE/plugins/com.st.stm32cube.ide.mcu.externaltools.gnu-tools-for-stm32.13.3.rel1.win32_1.0.100.202509120712/tools/bin/../lib/gcc/arm-none-eabi/13.3.1/thumb/v7e-m+fp/hard/crtbegin.o
LOAD C:/ST/STM32CubeIDE_2.0.0/STM32CubeIDE/plugins/com.st.stm32cube.ide.mcu.externaltools.gnu-tools-for-stm32.13.3.rel1.win32_1.0.100.202509120712/tools/bin/../lib/gcc/arm-none-eabi/13.3.1/../../../../arm-none-eabi/lib/thumb/v7e-m+fp/hard/crt0.o
LOAD ./Application/Startup/startup_stm32g431cbux.o
LOAD ./Application/User/aspep.o
LOAD ./Application/User/hf_registers.o
LOAD ./Application/User/main.o
LOAD ./Application/User/mc_api.o
LOAD ./Application/User/mc_app_hooks.o
LOAD ./Application/User/mc_config.o
LOAD ./Application/User/mc_config_common.o
LOAD ./Application/User/mc_configuration_registers.o
LOAD ./Application/User/mc_interface.o
LOAD ./Application/User/mc_math.o
LOAD ./Application/User/mc_parameters.o
LOAD ./Application/User/mc_tasks.o
LOAD ./Application/User/mc_tasks_foc.o
LOAD ./Application/User/mcp.o
LOAD ./Application/User/mcp_config.o
LOAD ./Application/User/motorcontrol.o
LOAD ./Application/User/pwm_common.o
LOAD ./Application/User/pwm_curr_fdbk.o
LOAD ./Application/User/regular_conversion_manager.o
LOAD ./Application/User/speed_torq_ctrl.o
LOAD ./Application/User/stm32_mc_common_it.o
LOAD ./Application/User/stm32g4xx_hal_msp.o
LOAD ./Application/User/stm32g4xx_it.o
LOAD ./Application/User/stm32g4xx_mc_it.o
LOAD ./Application/User/sync_registers.o
LOAD ./Application/User/syscalls.o
LOAD ./Application/User/sysmem.o
LOAD ./Application/User/usart_aspep_driver.o
LOAD ./Drivers/CMSIS/system_stm32g4xx.o
LOAD ./Drivers/STM32G4xx_HAL_Driver/stm32g4xx_hal.o
LOAD ./Drivers/STM32G4xx_HAL_Driver/stm32g4xx_hal_adc.o
LOAD ./Drivers/STM32G4xx_HAL_Driver/stm32g4xx_hal_adc_ex.o
LOAD ./Drivers/STM32G4xx_HAL_Driver/stm32g4xx_hal_cordic.o
LOAD ./Drivers/STM32G4xx_HAL_Driver/stm32g4xx_hal_cortex.o
LOAD ./Drivers/STM32G4xx_HAL_Driver/stm32g4xx_hal_dma.o
LOAD ./Drivers/STM32G4xx_HAL_Driver/stm32g4xx_hal_dma_ex.o
LOAD ./Drivers/STM32G4xx_HAL_Driver/stm32g4xx_hal_exti.o
LOAD ./Drivers/STM32G4xx_HAL_Driver/stm32g4xx_hal_flash.o
LOAD ./Drivers/STM32G4xx_HAL_Driver/stm32g4xx_hal_flash_ex.o
LOAD ./Drivers/STM32G4xx_HAL_Driver/stm32g4xx_hal_flash_ramfunc.o
LOAD ./Drivers/STM32G4xx_HAL_Driver/stm32g4xx_hal_gpio.o
LOAD ./Drivers/STM32G4xx_HAL_Driver/stm32g4xx_hal_pwr.o
LOAD ./Drivers/STM32G4xx_HAL_Driver/stm32g4xx_hal_pwr_ex.o
LOAD ./Drivers/STM32G4xx_HAL_Driver/stm32g4xx_hal_rcc.o
LOAD ./Drivers/STM32G4xx_HAL_Driver/stm32g4xx_hal_rcc_ex.o
LOAD ./Drivers/STM32G4xx_HAL_Driver/stm32g4xx_hal_tim.o
LOAD ./Drivers/STM32G4xx_HAL_Driver/stm32g4xx_hal_tim_ex.o
LOAD ./Drivers/STM32G4xx_HAL_Driver/stm32g4xx_hal_uart.o
LOAD ./Drivers/STM32G4xx_HAL_Driver/stm32g4xx_hal_uart_ex.o
LOAD ./Drivers/STM32G4xx_HAL_Driver/stm32g4xx_ll_adc.o
LOAD ./Middlewares/MotorControl/bus_voltage_sensor.o
LOAD ./Middlewares/MotorControl/circle_limitation.o
LOAD ./Middlewares/MotorControl/digital_output.o
LOAD ./Middlewares/MotorControl/ics_g4xx_pwm_curr_fdbk.o
LOAD ./Middlewares/MotorControl/mcpa.o
LOAD ./Middlewares/MotorControl/ntc_temperature_sensor.o
LOAD ./Middlewares/MotorControl/open_loop.o
LOAD ./Middlewares/MotorControl/pid_regulator.o
LOAD ./Middlewares/MotorControl/pqd_motor_power_measurement.o
LOAD ./Middlewares/MotorControl/r_divider_bus_voltage_sensor.o
LOAD ./Middlewares/MotorControl/ramp_ext_mngr.o
LOAD ./Middlewares/MotorControl/revup_ctrl.o
LOAD ./Middlewares/MotorControl/speed_pos_fdbk.o
LOAD ./Middlewares/MotorControl/sto_pll_speed_pos_fdbk.o
LOAD ./Middlewares/MotorControl/virtual_speed_sensor.o
START GROUP
LOAD C:/ST/STM32CubeIDE_2.0.0/STM32CubeIDE/plugins/com.st.stm32cube.ide.mcu.externaltools.gnu-tools-for-stm32.13.3.rel1.win32_1.0.100.202509120712/tools/bin/../lib/gcc/arm-none-eabi/13.3.1/../../../../arm-none-eabi/lib/thumb/v7e-m+fp/hard\libc_nano.a
LOAD C:/ST/STM32CubeIDE_2.0.0/STM32CubeIDE/plugins/com.st.stm32cube.ide.mcu.externaltools.gnu-tools-for-stm32.13.3.rel1.win32_1.0.100.202509120712/tools/bin/../lib/gcc/arm-none-eabi/13.3.1/../../../../arm-none-eabi/lib/thumb/v7e-m+fp/hard\libm.a
END GROUP
START GROUP
LOAD C:/ST/STM32CubeIDE_2.0.0/STM32CubeIDE/plugins/com.st.stm32cube.ide.mcu.externaltools.gnu-tools-for-stm32.13.3.rel1.win32_1.0.100.202509120712/tools/bin/../lib/gcc/arm-none-eabi/13.3.1/thumb/v7e-m+fp/hard\libgcc.a
LOAD C:/ST/STM32CubeIDE_2.0.0/STM32CubeIDE/plugins/com.st.stm32cube.ide.mcu.externaltools.gnu-tools-for-stm32.13.3.rel1.win32_1.0.100.202509120712/tools/bin/../lib/gcc/arm-none-eabi/13.3.1/../../../../arm-none-eabi/lib/thumb/v7e-m+fp/hard\libc_nano.a
END GROUP
START GROUP
LOAD C:/ST/STM32CubeIDE_2.0.0/STM32CubeIDE/plugins/com.st.stm32cube.ide.mcu.externaltools.gnu-tools-for-stm32.13.3.rel1.win32_1.0.100.202509120712/tools/bin/../lib/gcc/arm-none-eabi/13.3.1/thumb/v7e-m+fp/hard\libgcc.a
LOAD C:/ST/STM32CubeIDE_2.0.0/STM32CubeIDE/plugins/com.st.stm32cube.ide.mcu.externaltools.gnu-tools-for-stm32.13.3.rel1.win32_1.0.100.202509120712/tools/bin/../lib/gcc/arm-none-eabi/13.3.1/../../../../arm-none-eabi/lib/thumb/v7e-m+fp/hard\libc_nano.a
LOAD C:/ST/STM32CubeIDE_2.0.0/STM32CubeIDE/plugins/com.st.stm32cube.ide.mcu.externaltools.gnu-tools-for-stm32.13.3.rel1.win32_1.0.100.202509120712/tools/bin/../lib/gcc/arm-none-eabi/13.3.1/../../../../arm-none-eabi/lib/thumb/v7e-m+fp/hard\libnosys.a
END GROUP
START GROUP
LOAD C:/ST/STM32CubeIDE_2.0.0/STM32CubeIDE/plugins/com.st.stm32cube.ide.mcu.externaltools.gnu-tools-for-stm32.13.3.rel1.win32_1.0.100.202509120712/tools/bin/../lib/gcc/arm-none-eabi/13.3.1/thumb/v7e-m+fp/hard\libgcc.a
LOAD C:/ST/STM32CubeIDE_2.0.0/STM32CubeIDE/plugins/com.st.stm32cube.ide.mcu.externaltools.gnu-tools-for-stm32.13.3.rel1.win32_1.0.100.202509120712/tools/bin/../lib/gcc/arm-none-eabi/13.3.1/../../../../arm-none-eabi/lib/thumb/v7e-m+fp/hard\libc_nano.a
LOAD C:/ST/STM32CubeIDE_2.0.0/STM32CubeIDE/plugins/com.st.stm32cube.ide.mcu.externaltools.gnu-tools-for-stm32.13.3.rel1.win32_1.0.100.202509120712/tools/bin/../lib/gcc/arm-none-eabi/13.3.1/../../../../arm-none-eabi/lib/thumb/v7e-m+fp/hard\libnosys.a
END GROUP
LOAD C:/ST/STM32CubeIDE_2.0.0/STM32CubeIDE/plugins/com.st.stm32cube.ide.mcu.externaltools.gnu-tools-for-stm32.13.3.rel1.win32_1.0.100.202509120712/tools/bin/../lib/gcc/arm-none-eabi/13.3.1/thumb/v7e-m+fp/hard/crtend.o
LOAD C:/ST/STM32CubeIDE_2.0.0/STM32CubeIDE/plugins/com.st.stm32cube.ide.mcu.externaltools.gnu-tools-for-stm32.13.3.rel1.win32_1.0.100.202509120712/tools/bin/../lib/gcc/arm-none-eabi/13.3.1/thumb/v7e-m+fp/hard/crtn.o
                0x20008000                        _estack = (ORIGIN (RAM) + LENGTH (RAM))
                0x00000200                        _Min_Heap_Size = 0x200
                0x00000400                        _Min_Stack_Size = 0x400

.isr_vector     0x08000000      0x1d8
                0x08000000                        . = ALIGN (0x4)
 *(.isr_vector)
 .isr_vector    0x08000000      0x1d8 ./Application/Startup/startup_stm32g431cbux.o
                0x08000000                g_pfnVectors
                0x080001d8                        . = ALIGN (0x4)

.text           0x080001e0     0x9714
                0x080001e0                        . = ALIGN (0x4)
 *(.text)
 .text          0x080001e0       0x40 C:/ST/STM32CubeIDE_2.0.0/STM32CubeIDE/plugins/com.st.stm32cube.ide.mcu.externaltools.gnu-tools-for-stm32.13.3.rel1.win32_1.0.100.202509120712/tools/bin/../lib/gcc/arm-none-eabi/13.3.1/thumb/v7e-m+fp/hard/crtbegin.o
 .text          0x08000220       0x10 C:/ST/STM32CubeIDE_2.0.0/STM32CubeIDE/plugins/com.st.stm32cube.ide.mcu.externaltools.gnu-tools-for-stm32.13.3.rel1.win32_1.0.100.202509120712/tools/bin/../lib/gcc/arm-none-eabi/13.3.1/../../../../arm-none-eabi/lib/thumb/v7e-m+fp/hard\libc_nano.a(libc_a-strlen.o)
                0x08000220                strlen
 .text          0x08000230       0xa0 C:/ST/STM32CubeIDE_2.0.0/STM32CubeIDE/plugins/com.st.stm32cube.ide.mcu.externaltools.gnu-tools-for-stm32.13.3.rel1.win32_1.0.100.202509120712/tools/bin/../lib/gcc/arm-none-eabi/13.3.1/../../../../arm-none-eabi/lib/thumb/v7e-m+fp/hard\libc_nano.a(libc_a-memchr.o)
                0x08000230                memchr
 .text          0x080002d0       0x30 C:/ST/STM32CubeIDE_2.0.0/STM32CubeIDE/plugins/com.st.stm32cube.ide.mcu.externaltools.gnu-tools-for-stm32.13.3.rel1.win32_1.0.100.202509120712/tools/bin/../lib/gcc/arm-none-eabi/13.3.1/thumb/v7e-m+fp/hard\libgcc.a(_aeabi_uldivmod.o)
                0x080002d0                __aeabi_uldivmod
 .text          0x08000300      0x2f8 C:/ST/STM32CubeIDE_2.0.0/STM32CubeIDE/plugins/com.st.stm32cube.ide.mcu.externaltools.gnu-tools-for-stm32.13.3.rel1.win32_1.0.100.202509120712/tools/bin/../lib/gcc/arm-none-eabi/13.3.1/thumb/v7e-m+fp/hard\libgcc.a(_udivmoddi4.o)
                0x08000300                __udivmoddi4
 .text          0x080005f8        0x4 C:/ST/STM32CubeIDE_2.0.0/STM32CubeIDE/plugins/com.st.stm32cube.ide.mcu.externaltools.gnu-tools-for-stm32.13.3.rel1.win32_1.0.100.202509120712/tools/bin/../lib/gcc/arm-none-eabi/13.3.1/thumb/v7e-m+fp/hard\libgcc.a(_dvmd_tls.o)
                0x080005f8                __aeabi_idiv0
                0x080005f8                __aeabi_ldiv0
 *(.text*)
 .text.Reset_Handler
                0x080005fc       0x50 ./Application/Startup/startup_stm32g431cbux.o
                0x080005fc                Reset_Handler
 .text.Default_Handler
                0x0800064c        0x2 ./Application/Startup/startup_stm32g431cbux.o
                0x0800064c                RTC_Alarm_IRQHandler
                0x0800064c                EXTI2_IRQHandler
                0x0800064c                TIM8_TRG_COM_IRQHandler
                0x0800064c                TIM8_CC_IRQHandler
                0x0800064c                DebugMon_Handler
                0x0800064c                TIM1_CC_IRQHandler
                0x0800064c                USB_HP_IRQHandler
                0x0800064c                CORDIC_IRQHandler
                0x0800064c                PendSV_Handler
                0x0800064c                NMI_Handler
                0x0800064c                EXTI3_IRQHandler
                0x0800064c                I2C3_ER_IRQHandler
                0x0800064c                EXTI0_IRQHandler
                0x0800064c                I2C2_EV_IRQHandler
                0x0800064c                FPU_IRQHandler
                0x0800064c                FDCAN1_IT1_IRQHandler
                0x0800064c                UsageFault_Handler
                0x0800064c                SPI1_IRQHandler
                0x0800064c                TIM6_DAC_IRQHandler
                0x0800064c                TIM8_UP_IRQHandler
                0x0800064c                DMA2_Channel2_IRQHandler
                0x0800064c                DMA1_Channel4_IRQHandler
                0x0800064c                TIM4_IRQHandler
                0x0800064c                DMA2_Channel1_IRQHandler
                0x0800064c                I2C1_EV_IRQHandler
                0x0800064c                DMA1_Channel6_IRQHandler
                0x0800064c                UART4_IRQHandler
                0x0800064c                DMA2_Channel4_IRQHandler
                0x0800064c                TIM3_IRQHandler
                0x0800064c                RCC_IRQHandler
                0x0800064c                DMA1_Channel1_IRQHandler
                0x0800064c                Default_Handler
                0x0800064c                RTC_TAMP_LSECSS_IRQHandler
                0x0800064c                FMAC_IRQHandler
                0x0800064c                EXTI15_10_IRQHandler
                0x0800064c                TIM7_IRQHandler
                0x0800064c                UCPD1_IRQHandler
                0x0800064c                I2C3_EV_IRQHandler
                0x0800064c                EXTI9_5_IRQHandler
                0x0800064c                RTC_WKUP_IRQHandler
                0x0800064c                PVD_PVM_IRQHandler
                0x0800064c                SPI2_IRQHandler
                0x0800064c                MemManage_Handler
                0x0800064c                SVC_Handler
                0x0800064c                DMA2_Channel5_IRQHandler
                0x0800064c                CRS_IRQHandler
                0x0800064c                DMA1_Channel5_IRQHandler
                0x0800064c                USB_LP_IRQHandler
                0x0800064c                EXTI4_IRQHandler
                0x0800064c                RNG_IRQHandler
                0x0800064c                TIM1_TRG_COM_TIM17_IRQHandler
                0x0800064c                DMA1_Channel3_IRQHandler
                0x0800064c                WWDG_IRQHandler
                0x0800064c                LPUART1_IRQHandler
                0x0800064c                DMA2_Channel6_IRQHandler
                0x0800064c                FDCAN1_IT0_IRQHandler
                0x0800064c                TIM2_IRQHandler
                0x0800064c                COMP1_2_3_IRQHandler
                0x0800064c                EXTI1_IRQHandler
                0x0800064c                USART2_IRQHandler
                0x0800064c                I2C2_ER_IRQHandler
                0x0800064c                DMA1_Channel2_IRQHandler
                0x0800064c                TIM8_BRK_IRQHandler
                0x0800064c                FLASH_IRQHandler
                0x0800064c                BusFault_Handler
                0x0800064c                USART1_IRQHandler
                0x0800064c                SPI3_IRQHandler
                0x0800064c                I2C1_ER_IRQHandler
                0x0800064c                LPTIM1_IRQHandler
                0x0800064c                DMAMUX_OVR_IRQHandler
                0x0800064c                USBWakeUp_IRQHandler
                0x0800064c                SAI1_IRQHandler
                0x0800064c                DMA2_Channel3_IRQHandler
                0x0800064c                COMP4_IRQHandler
 *fill*         0x0800064e        0x2 
 .text.ASPEP_start
                0x08000650       0x28 ./Application/User/aspep.o
                0x08000650                ASPEP_start
 .text.ASPEP_sendBeacon
                0x08000678       0x8c ./Application/User/aspep.o
                0x08000678                ASPEP_sendBeacon
 .text.ASPEP_sendPing
                0x08000704       0x8c ./Application/User/aspep.o
                0x08000704                ASPEP_sendPing
 .text.ASPEP_getBuffer
                0x08000790       0x60 ./Application/User/aspep.o
                0x08000790                ASPEP_getBuffer
 .text.ASPEP_sendPacket
                0x080007f0      0x118 ./Application/User/aspep.o
                0x080007f0                ASPEP_sendPacket
 .text.ASPEP_HWDataTransmittedIT
                0x08000908       0x98 ./Application/User/aspep.o
                0x08000908                ASPEP_HWDataTransmittedIT
 .text.ASPEP_RXframeProcess
                0x080009a0      0x2b4 ./Application/User/aspep.o
                0x080009a0                ASPEP_RXframeProcess
 .text.ASPEP_HWDataReceivedIT
                0x08000c54       0xa0 ./Application/User/aspep.o
                0x08000c54                ASPEP_HWDataReceivedIT
 .text.ASPEP_HWReset
                0x08000cf4       0x14 ./Application/User/aspep.o
                0x08000cf4                ASPEP_HWReset
 .text.HF_GetIDSize
                0x08000d08       0x18 ./Application/User/hf_registers.o
                0x08000d08                HF_GetIDSize
 .text.HF_GetPtrReg
                0x08000d20      0x144 ./Application/User/hf_registers.o
                0x08000d20                HF_GetPtrReg
 .text.TIM1_UVW_SelfTest_Task_SDK
                0x08000e64       0x9c ./Application/User/main.o
                0x08000e64                TIM1_UVW_SelfTest_Task_SDK
 .text.Vdc_check_fun_SDK
                0x08000f00       0x74 ./Application/User/main.o
                0x08000f00                Vdc_check_fun_SDK
 .text.TSNS_Check_SDK
                0x08000f74       0x68 ./Application/User/main.o
                0x08000f74                TSNS_Check_SDK
 .text.Isns_Check_SDK
                0x08000fdc       0xe8 ./Application/User/main.o
                0x08000fdc                Isns_Check_SDK
 .text.GaN_Safe_AutoStart_Task
                0x080010c4       0xb4 ./Application/User/main.o
                0x080010c4                GaN_Safe_AutoStart_Task
 .text.Debug_Print_Task
                0x08001178       0xa4 ./Application/User/main.o
                0x08001178                Debug_Print_Task
 .text.SystemClock_Config
                0x0800121c       0x70 ./Application/User/main.o
                0x0800121c                SystemClock_Config
 .text.startup.main
                0x0800128c      0x448 ./Application/User/main.o
                0x0800128c                main
 .text.Error_Handler
                0x080016d4        0x4 ./Application/User/main.o
                0x080016d4                Error_Handler
 .text.MC_StartMotor1
                0x080016d8        0xc ./Application/User/mc_api.o
                0x080016d8                MC_StartMotor1
 .text.MC_AcknowledgeFaultMotor1
                0x080016e4        0xc ./Application/User/mc_api.o
                0x080016e4                MC_AcknowledgeFaultMotor1
 .text.MC_GetOccurredFaultsMotor1
                0x080016f0        0xc ./Application/User/mc_api.o
                0x080016f0                MC_GetOccurredFaultsMotor1
 .text.MC_GetSTMStateMotor1
                0x080016fc        0xc ./Application/User/mc_api.o
                0x080016fc                MC_GetSTMStateMotor1
 .text.MC_ProfilerCommand
                0x08001708        0x4 ./Application/User/mc_api.o
                0x08001708                MC_ProfilerCommand
 .text.MC_APP_BootHook
                0x0800170c        0x4 ./Application/User/mc_app_hooks.o
                0x0800170c                MC_APP_BootHook
 .text.MC_APP_PostMediumFrequencyHook_M1
                0x08001710        0x4 ./Application/User/mc_app_hooks.o
                0x08001710                MC_APP_PostMediumFrequencyHook_M1
 .text.MCI_ExecSpeedRamp
                0x08001714        0xc ./Application/User/mc_interface.o
                0x08001714                MCI_ExecSpeedRamp
 .text.MCI_ExecTorqueRamp
                0x08001720       0x14 ./Application/User/mc_interface.o
                0x08001720                MCI_ExecTorqueRamp
 .text.MCI_SetSpeedMode
                0x08001734       0x1c ./Application/User/mc_interface.o
                0x08001734                MCI_SetSpeedMode
 .text.MCI_SetOpenLoopCurrentMode
                0x08001750       0x1c ./Application/User/mc_interface.o
                0x08001750                MCI_SetOpenLoopCurrentMode
 .text.MCI_SetOpenLoopVoltageMode
                0x0800176c       0x18 ./Application/User/mc_interface.o
                0x0800176c                MCI_SetOpenLoopVoltageMode
 .text.MCI_FaultProcessing
                0x08001784       0x18 ./Application/User/mc_interface.o
                0x08001784                MCI_FaultProcessing
 .text.MCI_ExecBufferedCommands
                0x0800179c       0x98 ./Application/User/mc_interface.o
                0x0800179c                MCI_ExecBufferedCommands
 .text.MCI_GetSTMState
                0x08001834        0x4 ./Application/User/mc_interface.o
                0x08001834                MCI_GetSTMState
 .text.MCI_GetOccurredFaults
                0x08001838        0x4 ./Application/User/mc_interface.o
                0x08001838                MCI_GetOccurredFaults
 .text.MCI_GetCurrentFaults
                0x0800183c        0x4 ./Application/User/mc_interface.o
                0x0800183c                MCI_GetCurrentFaults
 .text.MCI_StartMotor
                0x08001840       0x2c ./Application/User/mc_interface.o
                0x08001840                MCI_StartMotor
 .text.MCI_StopMotor
                0x0800186c       0x38 ./Application/User/mc_interface.o
                0x0800186c                MCI_StopMotor
 .text.MCI_FaultAcknowledged
                0x080018a4       0x24 ./Application/User/mc_interface.o
                0x080018a4                MCI_FaultAcknowledged
 .text.MCI_GetFaultState
                0x080018c8        0xc ./Application/User/mc_interface.o
                0x080018c8                MCI_GetFaultState
 .text.MCI_GetControlMode
                0x080018d4        0x4 ./Application/User/mc_interface.o
                0x080018d4                MCI_GetControlMode
 .text.MCI_SetCurrentReferences
                0x080018d8       0x2c ./Application/User/mc_interface.o
                0x080018d8                MCI_SetCurrentReferences
 .text.MCI_GetImposedMotorDirection
                0x08001904       0x44 ./Application/User/mc_interface.o
                0x08001904                MCI_GetImposedMotorDirection
 .text.MCI_GetLastRampFinalSpeed
                0x08001948        0x8 ./Application/User/mc_interface.o
                0x08001948                MCI_GetLastRampFinalSpeed
 .text.MCI_GetLastRampFinalTorque
                0x08001950        0x8 ./Application/User/mc_interface.o
                0x08001950                MCI_GetLastRampFinalTorque
 .text.MCI_GetLastRampFinalDuration
                0x08001958        0x4 ./Application/User/mc_interface.o
                0x08001958                MCI_GetLastRampFinalDuration
 .text.MCI_StopRamp
                0x0800195c        0xc ./Application/User/mc_interface.o
                0x0800195c                MCI_StopRamp
 .text.MCI_GetAvrgMecSpeedUnit
                0x08001968        0x8 ./Application/User/mc_interface.o
                0x08001968                MCI_GetAvrgMecSpeedUnit
 .text.MCI_GetMecSpeedRefUnit
                0x08001970        0x8 ./Application/User/mc_interface.o
                0x08001970                MCI_GetMecSpeedRefUnit
 .text.MCI_GetIab
                0x08001978       0x14 ./Application/User/mc_interface.o
                0x08001978                MCI_GetIab
 .text.MCI_GetIalphabeta
                0x0800198c       0x14 ./Application/User/mc_interface.o
                0x0800198c                MCI_GetIalphabeta
 .text.MCI_GetIqd
                0x080019a0       0x14 ./Application/User/mc_interface.o
                0x080019a0                MCI_GetIqd
 .text.MCI_GetIqdref
                0x080019b4       0x14 ./Application/User/mc_interface.o
                0x080019b4                MCI_GetIqdref
 .text.MCI_GetVqd
                0x080019c8       0x14 ./Application/User/mc_interface.o
                0x080019c8                MCI_GetVqd
 .text.MCI_GetValphabeta
                0x080019dc       0x14 ./Application/User/mc_interface.o
                0x080019dc                MCI_GetValphabeta
 .text.MCI_GetTeref
                0x080019f0        0x8 ./Application/User/mc_interface.o
                0x080019f0                MCI_GetTeref
 .text.MCI_Clear_Iqdref
                0x080019f8       0x14 ./Application/User/mc_interface.o
                0x080019f8                MCI_Clear_Iqdref
 .text.MCM_Clarke
                0x08001a0c       0x54 ./Application/User/mc_math.o
                0x08001a0c                MCM_Clarke
 .text.MCM_Trig_Functions
                0x08001a60       0x20 ./Application/User/mc_math.o
                0x08001a60                MCM_Trig_Functions
 .text.MCM_Park
                0x08001a80       0x84 ./Application/User/mc_math.o
                0x08001a80                MCM_Park
 .text.MCM_Rev_Park
                0x08001b04       0x3c ./Application/User/mc_math.o
                0x08001b04                MCM_Rev_Park
 .text.MCM_Sqrt
                0x08001b40       0x20 ./Application/User/mc_math.o
                0x08001b40                MCM_Sqrt
 .text.MCboot   0x08001b60       0x70 ./Application/User/mc_tasks.o
                0x08001b60                MCboot
 .text.TSK_SetChargeBootCapDelayM1
                0x08001bd0        0xc ./Application/User/mc_tasks.o
                0x08001bd0                TSK_SetChargeBootCapDelayM1
 .text.TSK_ChargeBootCapDelayHasElapsedM1
                0x08001bdc       0x14 ./Application/User/mc_tasks.o
                0x08001bdc                TSK_ChargeBootCapDelayHasElapsedM1
 .text.TSK_SetStopPermanencyTimeM1
                0x08001bf0        0xc ./Application/User/mc_tasks.o
                0x08001bf0                TSK_SetStopPermanencyTimeM1
 .text.TSK_StopPermanencyTimeHasElapsedM1
                0x08001bfc       0x14 ./Application/User/mc_tasks.o
                0x08001bfc                TSK_StopPermanencyTimeHasElapsedM1
 .text.TSK_HighFrequencyTask
                0x08001c10       0x2c ./Application/User/mc_tasks.o
                0x08001c10                TSK_HighFrequencyTask
 .text.TSK_SafetyTask_PWMOFF
                0x08001c3c       0x8c ./Application/User/mc_tasks.o
                0x08001c3c                TSK_SafetyTask_PWMOFF
 .text.TSK_SafetyTask
                0x08001cc8       0x18 ./Application/User/mc_tasks.o
                0x08001cc8                TSK_SafetyTask
 .text.MC_RunMotorControlTasks
                0x08001ce0       0x90 ./Application/User/mc_tasks.o
                0x08001ce0                MC_RunMotorControlTasks
 .text.TSK_HardwareFaultTask
                0x08001d70       0x1c ./Application/User/mc_tasks.o
                0x08001d70                TSK_HardwareFaultTask
 .text.mc_lock_pins
                0x08001d8c       0xec ./Application/User/mc_tasks.o
                0x08001d8c                mc_lock_pins
 .text.FOC_Clear
                0x08001e78       0x94 ./Application/User/mc_tasks_foc.o
                0x08001e78                FOC_Clear
 .text.FOC_Init
                0x08001f0c      0x100 ./Application/User/mc_tasks_foc.o
                0x08001f0c                FOC_Init
 .text.FOC_InitAdditionalMethods
                0x0800200c        0x4 ./Application/User/mc_tasks_foc.o
                0x0800200c                FOC_InitAdditionalMethods
 .text.FOC_CalcCurrRef
                0x08002010       0x70 ./Application/User/mc_tasks_foc.o
                0x08002010                FOC_CalcCurrRef
 .text.TSK_MediumFrequencyTaskM1
                0x08002080      0x338 ./Application/User/mc_tasks_foc.o
                0x08002080                TSK_MediumFrequencyTaskM1
 .text.FOC_HighFrequencyTask
                0x080023b8      0x1d0 ./Application/User/mc_tasks_foc.o
                0x080023b8                FOC_HighFrequencyTask
 .text.RI_SetRegCommandParser
                0x08002588       0xe0 ./Application/User/mcp.o
                0x08002588                RI_SetRegCommandParser
 .text.RI_GetRegCommandParser
                0x08002668       0x8c ./Application/User/mcp.o
                0x08002668                RI_GetRegCommandParser
 .text.MCP_ReceivedPacket
                0x080026f4      0x190 ./Application/User/mcp.o
                0x080026f4                MCP_ReceivedPacket
 .text.MX_MotorControl_Init
                0x08002884       0x3c ./Application/User/motorcontrol.o
                0x08002884                MX_MotorControl_Init
 .text.startTimers
                0x080028c0       0x9c ./Application/User/pwm_common.o
                0x080028c0                startTimers
 .text.waitForPolarizationEnd
                0x0800295c       0x3c ./Application/User/pwm_common.o
                0x0800295c                waitForPolarizationEnd
 .text.PWMC_SetPhaseVoltage
                0x08002998      0x248 ./Application/User/pwm_curr_fdbk.o
                0x08002998                PWMC_SetPhaseVoltage
 .text.PWMC_SwitchOffPWM
                0x08002be0        0x4 ./Application/User/pwm_curr_fdbk.o
                0x08002be0                PWMC_SwitchOffPWM
 .text.PWMC_SwitchOnPWM
                0x08002be4        0x4 ./Application/User/pwm_curr_fdbk.o
                0x08002be4                PWMC_SwitchOnPWM
 .text.PWMC_CurrentReadingCalibr
                0x08002be8       0x34 ./Application/User/pwm_curr_fdbk.o
                0x08002be8                PWMC_CurrentReadingCalibr
 .text.PWMC_DP_Handler
                0x08002c1c       0x14 ./Application/User/pwm_curr_fdbk.o
                0x08002c1c                PWMC_DP_Handler
 .text.PWMC_OVP_Handler
                0x08002c30       0x1c ./Application/User/pwm_curr_fdbk.o
                0x08002c30                PWMC_OVP_Handler
 .text.PWMC_IsFaultOccurred
                0x08002c4c       0x38 ./Application/User/pwm_curr_fdbk.o
                0x08002c4c                PWMC_IsFaultOccurred
 .text.RCM_RegisterRegConv
                0x08002c84       0xcc ./Application/User/regular_conversion_manager.o
                0x08002c84                RCM_RegisterRegConv
 .text.RCM_ExecNextConv
                0x08002d50       0x6c ./Application/User/regular_conversion_manager.o
                0x08002d50                RCM_ExecNextConv
 .text.RCM_ReadOngoingConv
                0x08002dbc       0x44 ./Application/User/regular_conversion_manager.o
                0x08002dbc                RCM_ReadOngoingConv
 .text.STC_Init
                0x08002e00       0x2c ./Application/User/speed_torq_ctrl.o
                0x08002e00                STC_Init
 .text.STC_SetSpeedSensor
                0x08002e2c        0x4 ./Application/User/speed_torq_ctrl.o
                0x08002e2c                STC_SetSpeedSensor
 .text.STC_Clear
                0x08002e30       0x18 ./Application/User/speed_torq_ctrl.o
                0x08002e30                STC_Clear
 .text.STC_GetMecSpeedRefUnit
                0x08002e48        0x8 ./Application/User/speed_torq_ctrl.o
                0x08002e48                STC_GetMecSpeedRefUnit
 .text.STC_SetControlMode
                0x08002e50        0x8 ./Application/User/speed_torq_ctrl.o
                0x08002e50                STC_SetControlMode
 .text.STC_ExecRamp
                0x08002e58       0x90 ./Application/User/speed_torq_ctrl.o
                0x08002e58                STC_ExecRamp
 .text.STC_CalcTorqueReference
                0x08002ee8       0x6c ./Application/User/speed_torq_ctrl.o
                0x08002ee8                STC_CalcTorqueReference
 .text.STC_GetMecSpeedRefUnitDefault
                0x08002f54        0x8 ./Application/User/speed_torq_ctrl.o
                0x08002f54                STC_GetMecSpeedRefUnitDefault
 .text.STC_GetDefaultIqdref
                0x08002f5c        0xc ./Application/User/speed_torq_ctrl.o
                0x08002f5c                STC_GetDefaultIqdref
 .text.STC_ForceSpeedReferenceToCurrentSpeed
                0x08002f68       0x10 ./Application/User/speed_torq_ctrl.o
                0x08002f68                STC_ForceSpeedReferenceToCurrentSpeed
 .text.USART3_IRQHandler
                0x08002f78      0x120 ./Application/User/stm32_mc_common_it.o
                0x08002f78                USART3_IRQHandler
 .text.HardFault_Handler
                0x08003098        0x8 ./Application/User/stm32_mc_common_it.o
                0x08003098                HardFault_Handler
 .text.SysTick_Handler
                0x080030a0       0x44 ./Application/User/stm32_mc_common_it.o
                0x080030a0                SysTick_Handler
 .text.HAL_MspInit
                0x080030e4       0x40 ./Application/User/stm32g4xx_hal_msp.o
                0x080030e4                HAL_MspInit
 *fill*         0x08003124        0x4 
 .text.HAL_ADC_MspInit
                0x08003128      0x140 ./Application/User/stm32g4xx_hal_msp.o
                0x08003128                HAL_ADC_MspInit
 .text.HAL_CORDIC_MspInit
                0x08003268       0x2c ./Application/User/stm32g4xx_hal_msp.o
                0x08003268                HAL_CORDIC_MspInit
 *fill*         0x08003294        0x4 
 .text.HAL_TIM_PWM_MspInit
                0x08003298       0x74 ./Application/User/stm32g4xx_hal_msp.o
                0x08003298                HAL_TIM_PWM_MspInit
 .text.HAL_TIM_MspPostInit
                0x0800330c       0xbc ./Application/User/stm32g4xx_hal_msp.o
                0x0800330c                HAL_TIM_MspPostInit
 .text.HAL_UART_MspInit
                0x080033c8      0x10c ./Application/User/stm32g4xx_hal_msp.o
                0x080033c8                HAL_UART_MspInit
 .text.ADC1_2_IRQHandler
                0x080034d4        0xc ./Application/User/stm32g4xx_mc_it.o
                0x080034d4                ADC1_2_IRQHandler
 .text.TIM1_UP_TIM16_IRQHandler
                0x080034e0       0x18 ./Application/User/stm32g4xx_mc_it.o
                0x080034e0                TIM1_UP_TIM16_IRQHandler
 .text.TIM1_BRK_TIM15_IRQHandler
                0x080034f8       0x3c ./Application/User/stm32g4xx_mc_it.o
                0x080034f8                TIM1_BRK_TIM15_IRQHandler
 .text.RI_SetRegisterGlobal
                0x08003534      0x100 ./Application/User/sync_registers.o
                0x08003534                RI_SetRegisterGlobal
 .text.RI_SetRegisterMotor1
                0x08003634      0x608 ./Application/User/sync_registers.o
                0x08003634                RI_SetRegisterMotor1
 .text.RI_GetRegisterGlobal
                0x08003c3c      0x134 ./Application/User/sync_registers.o
                0x08003c3c                RI_GetRegisterGlobal
 .text.RI_GetRegisterMotor1
                0x08003d70      0x7fc ./Application/User/sync_registers.o
                0x08003d70                RI_GetRegisterMotor1
 .text._sbrk    0x0800456c       0x44 ./Application/User/sysmem.o
                0x0800456c                _sbrk
 .text.UASPEP_INIT
                0x080045b0       0x84 ./Application/User/usart_aspep_driver.o
                0x080045b0                UASPEP_INIT
 .text.UASPEP_CFG_TRANSMISSION
                0x08004634       0x38 ./Application/User/usart_aspep_driver.o
                0x08004634                UASPEP_CFG_TRANSMISSION
 .text.UASPEP_CFG_RECEPTION
                0x0800466c       0x3c ./Application/User/usart_aspep_driver.o
                0x0800466c                UASPEP_CFG_RECEPTION
 .text.UASPEP_IDLE_ENABLE
                0x080046a8       0x18 ./Application/User/usart_aspep_driver.o
                0x080046a8                UASPEP_IDLE_ENABLE
 .text.SystemInit
                0x080046c0       0x14 ./Drivers/CMSIS/system_stm32g4xx.o
                0x080046c0                SystemInit
 .text.HAL_InitTick
                0x080046d4       0x4c ./Drivers/STM32G4xx_HAL_Driver/stm32g4xx_hal.o
                0x080046d4                HAL_InitTick
 .text.HAL_Init
                0x08004720       0x30 ./Drivers/STM32G4xx_HAL_Driver/stm32g4xx_hal.o
                0x08004720                HAL_Init
 .text.HAL_IncTick
                0x08004750       0x18 ./Drivers/STM32G4xx_HAL_Driver/stm32g4xx_hal.o
                0x08004750                HAL_IncTick
 .text.HAL_GetTick
                0x08004768        0xc ./Drivers/STM32G4xx_HAL_Driver/stm32g4xx_hal.o
                0x08004768                HAL_GetTick
 .text.HAL_ADC_Init
                0x08004774      0x1e8 ./Drivers/STM32G4xx_HAL_Driver/stm32g4xx_hal_adc.o
                0x08004774                HAL_ADC_Init
 .text.HAL_ADC_ConfigChannel
                0x0800495c      0x4e0 ./Drivers/STM32G4xx_HAL_Driver/stm32g4xx_hal_adc.o
                0x0800495c                HAL_ADC_ConfigChannel
 .text.HAL_ADCEx_InjectedConfigChannel
                0x08004e3c      0x5fc ./Drivers/STM32G4xx_HAL_Driver/stm32g4xx_hal_adc_ex.o
                0x08004e3c                HAL_ADCEx_InjectedConfigChannel
 .text.HAL_ADCEx_MultiModeConfigChannel
                0x08005438       0xc8 ./Drivers/STM32G4xx_HAL_Driver/stm32g4xx_hal_adc_ex.o
                0x08005438                HAL_ADCEx_MultiModeConfigChannel
 .text.HAL_CORDIC_Init
                0x08005500       0x34 ./Drivers/STM32G4xx_HAL_Driver/stm32g4xx_hal_cordic.o
                0x08005500                HAL_CORDIC_Init
 .text.HAL_NVIC_SetPriorityGrouping
                0x08005534       0x24 ./Drivers/STM32G4xx_HAL_Driver/stm32g4xx_hal_cortex.o
                0x08005534                HAL_NVIC_SetPriorityGrouping
 .text.HAL_NVIC_SetPriority
                0x08005558       0x78 ./Drivers/STM32G4xx_HAL_Driver/stm32g4xx_hal_cortex.o
                0x08005558                HAL_NVIC_SetPriority
 .text.HAL_NVIC_EnableIRQ
                0x080055d0       0x1c ./Drivers/STM32G4xx_HAL_Driver/stm32g4xx_hal_cortex.o
                0x080055d0                HAL_NVIC_EnableIRQ
 .text.HAL_NVIC_SystemReset
                0x080055ec       0x24 ./Drivers/STM32G4xx_HAL_Driver/stm32g4xx_hal_cortex.o
                0x080055ec                HAL_NVIC_SystemReset
 .text.HAL_SYSTICK_Config
                0x08005610       0x34 ./Drivers/STM32G4xx_HAL_Driver/stm32g4xx_hal_cortex.o
                0x08005610                HAL_SYSTICK_Config
 .text.HAL_SYSTICK_Callback
                0x08005644        0x4 ./Drivers/STM32G4xx_HAL_Driver/stm32g4xx_hal_cortex.o
                0x08005644                HAL_SYSTICK_Callback
 .text.HAL_SYSTICK_IRQHandler
                0x08005648        0x8 ./Drivers/STM32G4xx_HAL_Driver/stm32g4xx_hal_cortex.o
                0x08005648                HAL_SYSTICK_IRQHandler
 .text.HAL_DMA_Init
                0x08005650      0x124 ./Drivers/STM32G4xx_HAL_Driver/stm32g4xx_hal_dma.o
                0x08005650                HAL_DMA_Init
 .text.HAL_GPIO_Init
                0x08005774      0x37c ./Drivers/STM32G4xx_HAL_Driver/stm32g4xx_hal_gpio.o
                0x08005774                HAL_GPIO_Init
 .text.HAL_GPIO_WritePin
                0x08005af0        0xc ./Drivers/STM32G4xx_HAL_Driver/stm32g4xx_hal_gpio.o
                0x08005af0                HAL_GPIO_WritePin
 .text.HAL_GPIO_TogglePin
                0x08005afc       0x14 ./Drivers/STM32G4xx_HAL_Driver/stm32g4xx_hal_gpio.o
                0x08005afc                HAL_GPIO_TogglePin
 .text.HAL_PWREx_ControlVoltageScaling
                0x08005b10       0xe4 ./Drivers/STM32G4xx_HAL_Driver/stm32g4xx_hal_pwr_ex.o
                0x08005b10                HAL_PWREx_ControlVoltageScaling
 .text.HAL_PWREx_DisableUCPDDeadBattery
                0x08005bf4       0x10 ./Drivers/STM32G4xx_HAL_Driver/stm32g4xx_hal_pwr_ex.o
                0x08005bf4                HAL_PWREx_DisableUCPDDeadBattery
 .text.HAL_RCC_OscConfig
                0x08005c04      0x48c ./Drivers/STM32G4xx_HAL_Driver/stm32g4xx_hal_rcc.o
                0x08005c04                HAL_RCC_OscConfig
 .text.HAL_RCC_GetSysClockFreq
                0x08006090       0x70 ./Drivers/STM32G4xx_HAL_Driver/stm32g4xx_hal_rcc.o
                0x08006090                HAL_RCC_GetSysClockFreq
 .text.HAL_RCC_ClockConfig
                0x08006100      0x208 ./Drivers/STM32G4xx_HAL_Driver/stm32g4xx_hal_rcc.o
                0x08006100                HAL_RCC_ClockConfig
 .text.HAL_RCC_GetHCLKFreq
                0x08006308        0xc ./Drivers/STM32G4xx_HAL_Driver/stm32g4xx_hal_rcc.o
                0x08006308                HAL_RCC_GetHCLKFreq
 .text.HAL_RCC_GetPCLK1Freq
                0x08006314       0x24 ./Drivers/STM32G4xx_HAL_Driver/stm32g4xx_hal_rcc.o
                0x08006314                HAL_RCC_GetPCLK1Freq
 .text.HAL_RCC_GetPCLK2Freq
                0x08006338       0x24 ./Drivers/STM32G4xx_HAL_Driver/stm32g4xx_hal_rcc.o
                0x08006338                HAL_RCC_GetPCLK2Freq
 .text.HAL_RCCEx_PeriphCLKConfig
                0x0800635c      0x29c ./Drivers/STM32G4xx_HAL_Driver/stm32g4xx_hal_rcc_ex.o
                0x0800635c                HAL_RCCEx_PeriphCLKConfig
 .text.TIM_OC1_SetConfig
                0x080065f8       0x78 ./Drivers/STM32G4xx_HAL_Driver/stm32g4xx_hal_tim.o
 .text.TIM_OC3_SetConfig
                0x08006670       0x80 ./Drivers/STM32G4xx_HAL_Driver/stm32g4xx_hal_tim.o
 .text.TIM_OC4_SetConfig
                0x080066f0       0x84 ./Drivers/STM32G4xx_HAL_Driver/stm32g4xx_hal_tim.o
 .text.HAL_TIM_PWM_Init
                0x08006774       0xfc ./Drivers/STM32G4xx_HAL_Driver/stm32g4xx_hal_tim.o
                0x08006774                HAL_TIM_PWM_Init
 .text.TIM_OC2_SetConfig
                0x08006870       0x84 ./Drivers/STM32G4xx_HAL_Driver/stm32g4xx_hal_tim.o
                0x08006870                TIM_OC2_SetConfig
 .text.HAL_TIM_PWM_ConfigChannel
                0x080068f4      0x1cc ./Drivers/STM32G4xx_HAL_Driver/stm32g4xx_hal_tim.o
                0x080068f4                HAL_TIM_PWM_ConfigChannel
 .text.HAL_TIMEx_MasterConfigSynchronization
                0x08006ac0       0xa4 ./Drivers/STM32G4xx_HAL_Driver/stm32g4xx_hal_tim_ex.o
                0x08006ac0                HAL_TIMEx_MasterConfigSynchronization
 .text.HAL_TIMEx_ConfigBreakDeadTime
                0x08006b64       0x9c ./Drivers/STM32G4xx_HAL_Driver/stm32g4xx_hal_tim_ex.o
                0x08006b64                HAL_TIMEx_ConfigBreakDeadTime
 .text.HAL_TIMEx_ConfigBreakInput
                0x08006c00       0xb0 ./Drivers/STM32G4xx_HAL_Driver/stm32g4xx_hal_tim_ex.o
                0x08006c00                HAL_TIMEx_ConfigBreakInput
 .text.HAL_UART_Transmit
                0x08006cb0      0x11c ./Drivers/STM32G4xx_HAL_Driver/stm32g4xx_hal_uart.o
                0x08006cb0                HAL_UART_Transmit
 .text.UART_SetConfig
                0x08006dcc      0x278 ./Drivers/STM32G4xx_HAL_Driver/stm32g4xx_hal_uart.o
                0x08006dcc                UART_SetConfig
 .text.UART_AdvFeatureConfig
                0x08007044       0xb0 ./Drivers/STM32G4xx_HAL_Driver/stm32g4xx_hal_uart.o
                0x08007044                UART_AdvFeatureConfig
 .text.UART_CheckIdleState
                0x080070f4      0x258 ./Drivers/STM32G4xx_HAL_Driver/stm32g4xx_hal_uart.o
                0x080070f4                UART_CheckIdleState
 .text.HAL_UART_Init
                0x0800734c       0x68 ./Drivers/STM32G4xx_HAL_Driver/stm32g4xx_hal_uart.o
                0x0800734c                HAL_UART_Init
 .text.HAL_UARTEx_DisableFifoMode
                0x080073b4       0x3c ./Drivers/STM32G4xx_HAL_Driver/stm32g4xx_hal_uart_ex.o
                0x080073b4                HAL_UARTEx_DisableFifoMode
 .text.HAL_UARTEx_SetTxFifoThreshold
                0x080073f0       0x84 ./Drivers/STM32G4xx_HAL_Driver/stm32g4xx_hal_uart_ex.o
                0x080073f0                HAL_UARTEx_SetTxFifoThreshold
 .text.HAL_UARTEx_SetRxFifoThreshold
                0x08007474       0x84 ./Drivers/STM32G4xx_HAL_Driver/stm32g4xx_hal_uart_ex.o
                0x08007474                HAL_UARTEx_SetRxFifoThreshold
 .text.VBS_GetAvBusVoltage_V
                0x080074f8        0xc ./Middlewares/MotorControl/bus_voltage_sensor.o
                0x080074f8                VBS_GetAvBusVoltage_V
 .text.Circle_Limitation
                0x08007504       0x5c ./Middlewares/MotorControl/circle_limitation.o
                0x08007504                Circle_Limitation
 .text.ICS_ADCxInit
                0x08007560       0xb4 ./Middlewares/MotorControl/ics_g4xx_pwm_curr_fdbk.o
 .text.ICS_GetPhaseCurrents
                0x08007614       0x94 ./Middlewares/MotorControl/ics_g4xx_pwm_curr_fdbk.o
                0x08007614                ICS_GetPhaseCurrents
 .text.ICS_WriteTIMRegisters
                0x080076a8       0x30 ./Middlewares/MotorControl/ics_g4xx_pwm_curr_fdbk.o
                0x080076a8                ICS_WriteTIMRegisters
 .text.ICS_HFCurrentsPolarization
                0x080076d8       0x4c ./Middlewares/MotorControl/ics_g4xx_pwm_curr_fdbk.o
 .text.ICS_SwitchOnPWM
                0x08007724       0xc0 ./Middlewares/MotorControl/ics_g4xx_pwm_curr_fdbk.o
                0x08007724                ICS_SwitchOnPWM
 .text.ICS_RLGetPhaseCurrents
                0x080077e4       0x4c ./Middlewares/MotorControl/ics_g4xx_pwm_curr_fdbk.o
 .text.ICS_RLSwitchOnPWM
                0x08007830       0xa8 ./Middlewares/MotorControl/ics_g4xx_pwm_curr_fdbk.o
 .text.ICS_TurnOnLowSides
                0x080078d8       0x74 ./Middlewares/MotorControl/ics_g4xx_pwm_curr_fdbk.o
                0x080078d8                ICS_TurnOnLowSides
 .text.ICS_SwitchOffPWM
                0x0800794c       0x50 ./Middlewares/MotorControl/ics_g4xx_pwm_curr_fdbk.o
                0x0800794c                ICS_SwitchOffPWM
 .text.ICS_RLTurnOnLowSides
                0x0800799c       0x50 ./Middlewares/MotorControl/ics_g4xx_pwm_curr_fdbk.o
 .text.ICS_Init
                0x080079ec      0x168 ./Middlewares/MotorControl/ics_g4xx_pwm_curr_fdbk.o
                0x080079ec                ICS_Init
 .text.ICS_SetOffsetCalib
                0x08007b54       0x10 ./Middlewares/MotorControl/ics_g4xx_pwm_curr_fdbk.o
                0x08007b54                ICS_SetOffsetCalib
 .text.ICS_GetOffsetCalib
                0x08007b64        0xc ./Middlewares/MotorControl/ics_g4xx_pwm_curr_fdbk.o
                0x08007b64                ICS_GetOffsetCalib
 .text.ICS_CurrentReadingPolarization
                0x08007b70       0xc8 ./Middlewares/MotorControl/ics_g4xx_pwm_curr_fdbk.o
                0x08007b70                ICS_CurrentReadingPolarization
 .text.ICS_TIMx_UP_IRQHandler
                0x08007c38       0x2c ./Middlewares/MotorControl/ics_g4xx_pwm_curr_fdbk.o
                0x08007c38                ICS_TIMx_UP_IRQHandler
 .text.ICS_RLDetectionModeEnable
                0x08007c64       0xd8 ./Middlewares/MotorControl/ics_g4xx_pwm_curr_fdbk.o
                0x08007c64                ICS_RLDetectionModeEnable
 .text.ICS_RLDetectionModeDisable
                0x08007d3c      0x130 ./Middlewares/MotorControl/ics_g4xx_pwm_curr_fdbk.o
                0x08007d3c                ICS_RLDetectionModeDisable
 .text.ICS_RLDetectionModeSetDuty
                0x08007e6c       0x84 ./Middlewares/MotorControl/ics_g4xx_pwm_curr_fdbk.o
                0x08007e6c                ICS_RLDetectionModeSetDuty
 .text.ICS_RLTurnOnLowSidesAndStart
                0x08007ef0       0x84 ./Middlewares/MotorControl/ics_g4xx_pwm_curr_fdbk.o
                0x08007ef0                ICS_RLTurnOnLowSidesAndStart
 .text.MCPA_dataLog
                0x08007f74      0x17c ./Middlewares/MotorControl/mcpa.o
                0x08007f74                MCPA_dataLog
 .text.MCPA_cfgLog
                0x080080f0       0xf4 ./Middlewares/MotorControl/mcpa.o
                0x080080f0                MCPA_cfgLog
 .text.NTC_Init
                0x080081e4       0x24 ./Middlewares/MotorControl/ntc_temperature_sensor.o
                0x080081e4                NTC_Init
 .text.NTC_CalcAvTemp
                0x08008208       0x4c ./Middlewares/MotorControl/ntc_temperature_sensor.o
                0x08008208                NTC_CalcAvTemp
 .text.NTC_GetAvTemp_C
                0x08008254       0x24 ./Middlewares/MotorControl/ntc_temperature_sensor.o
                0x08008254                NTC_GetAvTemp_C
 .text.OL_Init  0x08008278        0x8 ./Middlewares/MotorControl/open_loop.o
                0x08008278                OL_Init
 .text.OL_VqdConditioning
                0x08008280        0x8 ./Middlewares/MotorControl/open_loop.o
                0x08008280                OL_VqdConditioning
 .text.OL_Calc  0x08008288       0x24 ./Middlewares/MotorControl/open_loop.o
                0x08008288                OL_Calc
 .text.PID_HandleInit
                0x080082ac       0x10 ./Middlewares/MotorControl/pid_regulator.o
                0x080082ac                PID_HandleInit
 .text.PID_SetKP
                0x080082bc        0x4 ./Middlewares/MotorControl/pid_regulator.o
                0x080082bc                PID_SetKP
 .text.PID_SetKI
                0x080082c0        0x4 ./Middlewares/MotorControl/pid_regulator.o
                0x080082c0                PID_SetKI
 .text.PID_GetKP
                0x080082c4        0x8 ./Middlewares/MotorControl/pid_regulator.o
                0x080082c4                PID_GetKP
 .text.PID_GetKI
                0x080082cc        0x8 ./Middlewares/MotorControl/pid_regulator.o
                0x080082cc                PID_GetKI
 .text.PID_SetIntegralTerm
                0x080082d4        0x4 ./Middlewares/MotorControl/pid_regulator.o
                0x080082d4                PID_SetIntegralTerm
 .text.PID_GetKPDivisorPOW2
                0x080082d8        0x4 ./Middlewares/MotorControl/pid_regulator.o
                0x080082d8                PID_GetKPDivisorPOW2
 .text.PID_SetKPDivisorPOW2
                0x080082dc        0xc ./Middlewares/MotorControl/pid_regulator.o
                0x080082dc                PID_SetKPDivisorPOW2
 .text.PID_GetKIDivisorPOW2
                0x080082e8        0x4 ./Middlewares/MotorControl/pid_regulator.o
                0x080082e8                PID_GetKIDivisorPOW2
 .text.PID_SetLowerIntegralTermLimit
                0x080082ec        0x4 ./Middlewares/MotorControl/pid_regulator.o
                0x080082ec                PID_SetLowerIntegralTermLimit
 .text.PID_SetUpperIntegralTermLimit
                0x080082f0        0x4 ./Middlewares/MotorControl/pid_regulator.o
                0x080082f0                PID_SetUpperIntegralTermLimit
 .text.PID_SetKIDivisorPOW2
                0x080082f4       0x28 ./Middlewares/MotorControl/pid_regulator.o
                0x080082f4                PID_SetKIDivisorPOW2
 .text.PID_SetKD
                0x0800831c        0x4 ./Middlewares/MotorControl/pid_regulator.o
                0x0800831c                PID_SetKD
 .text.PID_GetKD
                0x08008320        0x8 ./Middlewares/MotorControl/pid_regulator.o
                0x08008320                PID_GetKD
 .text.PID_GetKDDivisorPOW2
                0x08008328        0x4 ./Middlewares/MotorControl/pid_regulator.o
                0x08008328                PID_GetKDDivisorPOW2
 .text.PID_SetKDDivisorPOW2
                0x0800832c        0xc ./Middlewares/MotorControl/pid_regulator.o
                0x0800832c                PID_SetKDDivisorPOW2
 .text.PI_Controller
                0x08008338       0x80 ./Middlewares/MotorControl/pid_regulator.o
                0x08008338                PI_Controller
 .text.PQD_CalcElMotorPower
                0x080083b8       0x38 ./Middlewares/MotorControl/pqd_motor_power_measurement.o
                0x080083b8                PQD_CalcElMotorPower
 .text.PQD_GetAvrgElMotorPowerW
                0x080083f0       0x34 ./Middlewares/MotorControl/pqd_motor_power_measurement.o
                0x080083f0                PQD_GetAvrgElMotorPowerW
 .text.RVBS_Init
                0x08008424        0xc ./Middlewares/MotorControl/r_divider_bus_voltage_sensor.o
                0x08008424                RVBS_Init
 .text.RVBS_CalcAvVbus
                0x08008430       0x70 ./Middlewares/MotorControl/r_divider_bus_voltage_sensor.o
                0x08008430                RVBS_CalcAvVbus
 .text.REMNG_Init
                0x080084a0       0x10 ./Middlewares/MotorControl/ramp_ext_mngr.o
                0x080084a0                REMNG_Init
 .text.REMNG_Calc
                0x080084b0       0x44 ./Middlewares/MotorControl/ramp_ext_mngr.o
                0x080084b0                REMNG_Calc
 .text.REMNG_RampCompleted
                0x080084f4        0xc ./Middlewares/MotorControl/ramp_ext_mngr.o
                0x080084f4                REMNG_RampCompleted
 .text.getScalingFactor
                0x08008500       0x38 ./Middlewares/MotorControl/ramp_ext_mngr.o
                0x08008500                getScalingFactor
 .text.REMNG_ExecRamp
                0x08008538       0x8c ./Middlewares/MotorControl/ramp_ext_mngr.o
                0x08008538                REMNG_ExecRamp
 .text.RUC_Init
                0x080085c4       0x78 ./Middlewares/MotorControl/revup_ctrl.o
                0x080085c4                RUC_Init
 .text.RUC_Clear
                0x0800863c       0x98 ./Middlewares/MotorControl/revup_ctrl.o
                0x0800863c                RUC_Clear
 .text.RUC_Exec
                0x080086d4       0x70 ./Middlewares/MotorControl/revup_ctrl.o
                0x080086d4                RUC_Exec
 .text.RUC_FirstAccelerationStageReached
                0x08008744       0x14 ./Middlewares/MotorControl/revup_ctrl.o
                0x08008744                RUC_FirstAccelerationStageReached
 .text.SPD_GetAvrgMecSpeedUnit
                0x08008758        0x8 ./Middlewares/MotorControl/speed_pos_fdbk.o
                0x08008758                SPD_GetAvrgMecSpeedUnit
 .text.SPD_IsMecSpeedReliable
                0x08008760       0x6c ./Middlewares/MotorControl/speed_pos_fdbk.o
                0x08008760                SPD_IsMecSpeedReliable
 .text.SPD_GetS16Speed
                0x080087cc        0x8 ./Middlewares/MotorControl/speed_pos_fdbk.o
                0x080087cc                SPD_GetS16Speed
 .text.STO_PLL_CalcElAngle
                0x080087d4      0x1e4 ./Middlewares/MotorControl/sto_pll_speed_pos_fdbk.o
                0x080087d4                STO_PLL_CalcElAngle
 .text.STO_PLL_CalcAvrgMecSpeedUnit
                0x080089b8      0x158 ./Middlewares/MotorControl/sto_pll_speed_pos_fdbk.o
                0x080089b8                STO_PLL_CalcAvrgMecSpeedUnit
 .text.STO_PLL_CalcAvrgElSpeedDpp
                0x08008b10       0x58 ./Middlewares/MotorControl/sto_pll_speed_pos_fdbk.o
                0x08008b10                STO_PLL_CalcAvrgElSpeedDpp
 .text.STO_PLL_Clear
                0x08008b68       0x4c ./Middlewares/MotorControl/sto_pll_speed_pos_fdbk.o
                0x08008b68                STO_PLL_Clear
 .text.STO_PLL_Init
                0x08008bb4       0x74 ./Middlewares/MotorControl/sto_pll_speed_pos_fdbk.o
                0x08008bb4                STO_PLL_Init
 .text.STO_PLL_IsObserverConverged
                0x08008c28       0xcc ./Middlewares/MotorControl/sto_pll_speed_pos_fdbk.o
                0x08008c28                STO_PLL_IsObserverConverged
 .text.STO_PLL_GetEstimatedBemf
                0x08008cf4        0x8 ./Middlewares/MotorControl/sto_pll_speed_pos_fdbk.o
                0x08008cf4                STO_PLL_GetEstimatedBemf
 .text.STO_PLL_GetEstimatedCurrent
                0x08008cfc       0x24 ./Middlewares/MotorControl/sto_pll_speed_pos_fdbk.o
                0x08008cfc                STO_PLL_GetEstimatedCurrent
 .text.STO_PLL_GetObserverGains
                0x08008d20       0x10 ./Middlewares/MotorControl/sto_pll_speed_pos_fdbk.o
                0x08008d20                STO_PLL_GetObserverGains
 .text.STO_PLL_SetObserverGains
                0x08008d30        0x8 ./Middlewares/MotorControl/sto_pll_speed_pos_fdbk.o
                0x08008d30                STO_PLL_SetObserverGains
 .text.STO_OTF_ResetPLL
                0x08008d38        0xc ./Middlewares/MotorControl/sto_pll_speed_pos_fdbk.o
                0x08008d38                STO_OTF_ResetPLL
 .text.STO_PLL_IsVarianceTight
                0x08008d44        0x8 ./Middlewares/MotorControl/sto_pll_speed_pos_fdbk.o
                0x08008d44                STO_PLL_IsVarianceTight
 .text.STO_PLL_ForceConvergency1
                0x08008d4c        0xc ./Middlewares/MotorControl/sto_pll_speed_pos_fdbk.o
                0x08008d4c                STO_PLL_ForceConvergency1
 .text.STO_PLL_ForceConvergency2
                0x08008d58        0xc ./Middlewares/MotorControl/sto_pll_speed_pos_fdbk.o
                0x08008d58                STO_PLL_ForceConvergency2
 .text.STO_SetDirection
                0x08008d64        0x8 ./Middlewares/MotorControl/sto_pll_speed_pos_fdbk.o
                0x08008d64                STO_SetDirection
 .text.VSS_Clear
                0x08008d6c       0x1c ./Middlewares/MotorControl/virtual_speed_sensor.o
                0x08008d6c                VSS_Clear
 .text.VSS_Init
                0x08008d88        0x8 ./Middlewares/MotorControl/virtual_speed_sensor.o
                0x08008d88                VSS_Init
 .text.VSS_CalcElAngle
                0x08008d90       0xa4 ./Middlewares/MotorControl/virtual_speed_sensor.o
                0x08008d90                VSS_CalcElAngle
 .text.VSS_CalcAvrgMecSpeedUnit
                0x08008e34       0xa4 ./Middlewares/MotorControl/virtual_speed_sensor.o
                0x08008e34                VSS_CalcAvrgMecSpeedUnit
 .text.VSS_SetMecAcceleration
                0x08008ed8       0x78 ./Middlewares/MotorControl/virtual_speed_sensor.o
                0x08008ed8                VSS_SetMecAcceleration
 .text.VSS_SetStartTransition
                0x08008f50       0x1c ./Middlewares/MotorControl/virtual_speed_sensor.o
                0x08008f50                VSS_SetStartTransition
 .text.VSS_TransitionEnded
                0x08008f6c        0x8 ./Middlewares/MotorControl/virtual_speed_sensor.o
                0x08008f6c                VSS_TransitionEnded
 .text.snprintf
                0x08008f74       0x6c C:/ST/STM32CubeIDE_2.0.0/STM32CubeIDE/plugins/com.st.stm32cube.ide.mcu.externaltools.gnu-tools-for-stm32.13.3.rel1.win32_1.0.100.202509120712/tools/bin/../lib/gcc/arm-none-eabi/13.3.1/../../../../arm-none-eabi/lib/thumb/v7e-m+fp/hard\libc_nano.a(libc_a-snprintf.o)
                0x08008f74                sniprintf
                0x08008f74                snprintf
 .text.memset   0x08008fe0       0x10 C:/ST/STM32CubeIDE_2.0.0/STM32CubeIDE/plugins/com.st.stm32cube.ide.mcu.externaltools.gnu-tools-for-stm32.13.3.rel1.win32_1.0.100.202509120712/tools/bin/../lib/gcc/arm-none-eabi/13.3.1/../../../../arm-none-eabi/lib/thumb/v7e-m+fp/hard\libc_nano.a(libc_a-memset.o)
                0x08008fe0                memset
 .text.__errno  0x08008ff0        0xc C:/ST/STM32CubeIDE_2.0.0/STM32CubeIDE/plugins/com.st.stm32cube.ide.mcu.externaltools.gnu-tools-for-stm32.13.3.rel1.win32_1.0.100.202509120712/tools/bin/../lib/gcc/arm-none-eabi/13.3.1/../../../../arm-none-eabi/lib/thumb/v7e-m+fp/hard\libc_nano.a(libc_a-errno.o)
                0x08008ff0                __errno
 .text.__libc_init_array
                0x08008ffc       0x48 C:/ST/STM32CubeIDE_2.0.0/STM32CubeIDE/plugins/com.st.stm32cube.ide.mcu.externaltools.gnu-tools-for-stm32.13.3.rel1.win32_1.0.100.202509120712/tools/bin/../lib/gcc/arm-none-eabi/13.3.1/../../../../arm-none-eabi/lib/thumb/v7e-m+fp/hard\libc_nano.a(libc_a-init.o)
                0x08008ffc                __libc_init_array
 .text.__retarget_lock_acquire_recursive
                0x08009044        0x2 C:/ST/STM32CubeIDE_2.0.0/STM32CubeIDE/plugins/com.st.stm32cube.ide.mcu.externaltools.gnu-tools-for-stm32.13.3.rel1.win32_1.0.100.202509120712/tools/bin/../lib/gcc/arm-none-eabi/13.3.1/../../../../arm-none-eabi/lib/thumb/v7e-m+fp/hard\libc_nano.a(libc_a-lock.o)
                0x08009044                __retarget_lock_acquire_recursive
 .text.__retarget_lock_release_recursive
                0x08009046        0x2 C:/ST/STM32CubeIDE_2.0.0/STM32CubeIDE/plugins/com.st.stm32cube.ide.mcu.externaltools.gnu-tools-for-stm32.13.3.rel1.win32_1.0.100.202509120712/tools/bin/../lib/gcc/arm-none-eabi/13.3.1/../../../../arm-none-eabi/lib/thumb/v7e-m+fp/hard\libc_nano.a(libc_a-lock.o)
                0x08009046                __retarget_lock_release_recursive
 .text.memcpy   0x08009048       0x1c C:/ST/STM32CubeIDE_2.0.0/STM32CubeIDE/plugins/com.st.stm32cube.ide.mcu.externaltools.gnu-tools-for-stm32.13.3.rel1.win32_1.0.100.202509120712/tools/bin/../lib/gcc/arm-none-eabi/13.3.1/../../../../arm-none-eabi/lib/thumb/v7e-m+fp/hard\libc_nano.a(libc_a-memcpy-stub.o)
                0x08009048                memcpy
 .text._free_r  0x08009064       0x94 C:/ST/STM32CubeIDE_2.0.0/STM32CubeIDE/plugins/com.st.stm32cube.ide.mcu.externaltools.gnu-tools-for-stm32.13.3.rel1.win32_1.0.100.202509120712/tools/bin/../lib/gcc/arm-none-eabi/13.3.1/../../../../arm-none-eabi/lib/thumb/v7e-m+fp/hard\libc_nano.a(libc_a-freer.o)
                0x08009064                _free_r
 .text.sbrk_aligned
                0x080090f8       0x44 C:/ST/STM32CubeIDE_2.0.0/STM32CubeIDE/plugins/com.st.stm32cube.ide.mcu.externaltools.gnu-tools-for-stm32.13.3.rel1.win32_1.0.100.202509120712/tools/bin/../lib/gcc/arm-none-eabi/13.3.1/../../../../arm-none-eabi/lib/thumb/v7e-m+fp/hard\libc_nano.a(libc_a-mallocr.o)
 .text._malloc_r
                0x0800913c      0x100 C:/ST/STM32CubeIDE_2.0.0/STM32CubeIDE/plugins/com.st.stm32cube.ide.mcu.externaltools.gnu-tools-for-stm32.13.3.rel1.win32_1.0.100.202509120712/tools/bin/../lib/gcc/arm-none-eabi/13.3.1/../../../../arm-none-eabi/lib/thumb/v7e-m+fp/hard\libc_nano.a(libc_a-mallocr.o)
                0x0800913c                _malloc_r
 .text.__malloc_lock
                0x0800923c        0xc C:/ST/STM32CubeIDE_2.0.0/STM32CubeIDE/plugins/com.st.stm32cube.ide.mcu.externaltools.gnu-tools-for-stm32.13.3.rel1.win32_1.0.100.202509120712/tools/bin/../lib/gcc/arm-none-eabi/13.3.1/../../../../arm-none-eabi/lib/thumb/v7e-m+fp/hard\libc_nano.a(libc_a-mlock.o)
                0x0800923c                __malloc_lock
 .text.__malloc_unlock
                0x08009248        0xc C:/ST/STM32CubeIDE_2.0.0/STM32CubeIDE/plugins/com.st.stm32cube.ide.mcu.externaltools.gnu-tools-for-stm32.13.3.rel1.win32_1.0.100.202509120712/tools/bin/../lib/gcc/arm-none-eabi/13.3.1/../../../../arm-none-eabi/lib/thumb/v7e-m+fp/hard\libc_nano.a(libc_a-mlock.o)
                0x08009248                __malloc_unlock
 .text.__ssputs_r
                0x08009254       0xb6 C:/ST/STM32CubeIDE_2.0.0/STM32CubeIDE/plugins/com.st.stm32cube.ide.mcu.externaltools.gnu-tools-for-stm32.13.3.rel1.win32_1.0.100.202509120712/tools/bin/../lib/gcc/arm-none-eabi/13.3.1/../../../../arm-none-eabi/lib/thumb/v7e-m+fp/hard\libc_nano.a(libc_a-nano-svfprintf.o)
                0x08009254                __ssputs_r
 *fill*         0x0800930a        0x2 
 .text._svfprintf_r
                0x0800930c      0x1f8 C:/ST/STM32CubeIDE_2.0.0/STM32CubeIDE/plugins/com.st.stm32cube.ide.mcu.externaltools.gnu-tools-for-stm32.13.3.rel1.win32_1.0.100.202509120712/tools/bin/../lib/gcc/arm-none-eabi/13.3.1/../../../../arm-none-eabi/lib/thumb/v7e-m+fp/hard\libc_nano.a(libc_a-nano-svfprintf.o)
                0x0800930c                _svfiprintf_r
                0x0800930c                _svfprintf_r
 .text._printf_common
                0x08009504       0xda C:/ST/STM32CubeIDE_2.0.0/STM32CubeIDE/plugins/com.st.stm32cube.ide.mcu.externaltools.gnu-tools-for-stm32.13.3.rel1.win32_1.0.100.202509120712/tools/bin/../lib/gcc/arm-none-eabi/13.3.1/../../../../arm-none-eabi/lib/thumb/v7e-m+fp/hard\libc_nano.a(libc_a-nano-vfprintf_i.o)
                0x08009504                _printf_common
 *fill*         0x080095de        0x2 
 .text._printf_i
                0x080095e0      0x23c C:/ST/STM32CubeIDE_2.0.0/STM32CubeIDE/plugins/com.st.stm32cube.ide.mcu.externaltools.gnu-tools-for-stm32.13.3.rel1.win32_1.0.100.202509120712/tools/bin/../lib/gcc/arm-none-eabi/13.3.1/../../../../arm-none-eabi/lib/thumb/v7e-m+fp/hard\libc_nano.a(libc_a-nano-vfprintf_i.o)
                0x080095e0                _printf_i
 .text.memmove  0x0800981c       0x34 C:/ST/STM32CubeIDE_2.0.0/STM32CubeIDE/plugins/com.st.stm32cube.ide.mcu.externaltools.gnu-tools-for-stm32.13.3.rel1.win32_1.0.100.202509120712/tools/bin/../lib/gcc/arm-none-eabi/13.3.1/../../../../arm-none-eabi/lib/thumb/v7e-m+fp/hard\libc_nano.a(libc_a-memmove.o)
                0x0800981c                memmove
 .text._sbrk_r  0x08009850       0x20 C:/ST/STM32CubeIDE_2.0.0/STM32CubeIDE/plugins/com.st.stm32cube.ide.mcu.externaltools.gnu-tools-for-stm32.13.3.rel1.win32_1.0.100.202509120712/tools/bin/../lib/gcc/arm-none-eabi/13.3.1/../../../../arm-none-eabi/lib/thumb/v7e-m+fp/hard\libc_nano.a(libc_a-sbrkr.o)
                0x08009850                _sbrk_r
 .text._realloc_r
                0x08009870       0x5c C:/ST/STM32CubeIDE_2.0.0/STM32CubeIDE/plugins/com.st.stm32cube.ide.mcu.externaltools.gnu-tools-for-stm32.13.3.rel1.win32_1.0.100.202509120712/tools/bin/../lib/gcc/arm-none-eabi/13.3.1/../../../../arm-none-eabi/lib/thumb/v7e-m+fp/hard\libc_nano.a(libc_a-reallocr.o)
                0x08009870                _realloc_r
 .text._malloc_usable_size_r
                0x080098cc       0x10 C:/ST/STM32CubeIDE_2.0.0/STM32CubeIDE/plugins/com.st.stm32cube.ide.mcu.externaltools.gnu-tools-for-stm32.13.3.rel1.win32_1.0.100.202509120712/tools/bin/../lib/gcc/arm-none-eabi/13.3.1/../../../../arm-none-eabi/lib/thumb/v7e-m+fp/hard\libc_nano.a(libc_a-msizer.o)
                0x080098cc                _malloc_usable_size_r
 *(.glue_7)
 .glue_7        0x080098dc        0x0 linker stubs
 *(.glue_7t)
 .glue_7t       0x080098dc        0x0 linker stubs
 *(.eh_frame)
 .eh_frame      0x080098dc        0x0 C:/ST/STM32CubeIDE_2.0.0/STM32CubeIDE/plugins/com.st.stm32cube.ide.mcu.externaltools.gnu-tools-for-stm32.13.3.rel1.win32_1.0.100.202509120712/tools/bin/../lib/gcc/arm-none-eabi/13.3.1/thumb/v7e-m+fp/hard/crtbegin.o
 *(.init)
 .init          0x080098dc        0x4 C:/ST/STM32CubeIDE_2.0.0/STM32CubeIDE/plugins/com.st.stm32cube.ide.mcu.externaltools.gnu-tools-for-stm32.13.3.rel1.win32_1.0.100.202509120712/tools/bin/../lib/gcc/arm-none-eabi/13.3.1/thumb/v7e-m+fp/hard/crti.o
                0x080098dc                _init
 .init          0x080098e0        0x8 C:/ST/STM32CubeIDE_2.0.0/STM32CubeIDE/plugins/com.st.stm32cube.ide.mcu.externaltools.gnu-tools-for-stm32.13.3.rel1.win32_1.0.100.202509120712/tools/bin/../lib/gcc/arm-none-eabi/13.3.1/thumb/v7e-m+fp/hard/crtn.o
 *(.fini)
 .fini          0x080098e8        0x4 C:/ST/STM32CubeIDE_2.0.0/STM32CubeIDE/plugins/com.st.stm32cube.ide.mcu.externaltools.gnu-tools-for-stm32.13.3.rel1.win32_1.0.100.202509120712/tools/bin/../lib/gcc/arm-none-eabi/13.3.1/thumb/v7e-m+fp/hard/crti.o
                0x080098e8                _fini
 .fini          0x080098ec        0x8 C:/ST/STM32CubeIDE_2.0.0/STM32CubeIDE/plugins/com.st.stm32cube.ide.mcu.externaltools.gnu-tools-for-stm32.13.3.rel1.win32_1.0.100.202509120712/tools/bin/../lib/gcc/arm-none-eabi/13.3.1/thumb/v7e-m+fp/hard/crtn.o
                0x080098f4                        . = ALIGN (0x4)
                0x080098f4                        _etext = .

.vfp11_veneer   0x080098f4        0x0
 .vfp11_veneer  0x080098f4        0x0 linker stubs

.v4_bx          0x080098f4        0x0
 .v4_bx         0x080098f4        0x0 linker stubs

.iplt           0x080098f4        0x0
 .iplt          0x080098f4        0x0 C:/ST/STM32CubeIDE_2.0.0/STM32CubeIDE/plugins/com.st.stm32cube.ide.mcu.externaltools.gnu-tools-for-stm32.13.3.rel1.win32_1.0.100.202509120712/tools/bin/../lib/gcc/arm-none-eabi/13.3.1/thumb/v7e-m+fp/hard/crtbegin.o

.rodata         0x080098f4      0x380
                0x080098f4                        . = ALIGN (0x4)
 *(.rodata)
 *(.rodata*)
 .rodata.CRC4_Lookup4
                0x080098f4       0x10 ./Application/User/aspep.o
 .rodata.CRC4_Lookup8
                0x08009904      0x100 ./Application/User/aspep.o
 .rodata.CSWTCH.1
                0x08009a04       0x11 ./Application/User/hf_registers.o
 *fill*         0x08009a15        0x3 
 .rodata.Debug_Print_Task.str1.4
                0x08009a18       0x44 ./Application/User/main.o
 .rodata.M1_FOCConfig_reg
                0x08009a5c        0xe ./Application/User/mc_configuration_registers.o
 *fill*         0x08009a6a        0x2 
 .rodata.M1_MotorConfig_reg
                0x08009a6c       0x3c ./Application/User/mc_configuration_registers.o
 .rodata.M1_ApplicationConfig_reg
                0x08009aa8       0x10 ./Application/User/mc_configuration_registers.o
 .rodata.globalConfig_reg
                0x08009ab8        0xa ./Application/User/mc_configuration_registers.o
                0x08009ab8                globalConfig_reg
 *fill*         0x08009ac2        0x2 
 .rodata.FIRMWARE_NAME
                0x08009ac4       0x14 ./Application/User/mc_configuration_registers.o
                0x08009ac4                FIRMWARE_NAME
 .rodata.M1_PWR_BOARD
                0x08009ad8        0x4 ./Application/User/mc_configuration_registers.o
 .rodata.CTL_BOARD
                0x08009adc        0x4 ./Application/User/mc_configuration_registers.o
                0x08009adc                CTL_BOARD
 .rodata.ICS_ParamsM1
                0x08009ae0       0x18 ./Application/User/mc_parameters.o
                0x08009ae0                ICS_ParamsM1
 .rodata.CHANNEL_OFFSET_TAB
                0x08009af8        0x6 ./Application/User/usart_aspep_driver.o
 *fill*         0x08009afe        0x2 
 .rodata.APBPrescTable
                0x08009b00        0x8 ./Drivers/CMSIS/system_stm32g4xx.o
                0x08009b00                APBPrescTable
 .rodata.AHBPrescTable
                0x08009b08       0x10 ./Drivers/CMSIS/system_stm32g4xx.o
                0x08009b08                AHBPrescTable
 .rodata.CSWTCH.115
                0x08009b18       0x40 ./Drivers/STM32G4xx_HAL_Driver/stm32g4xx_hal_tim_ex.o
 .rodata.CSWTCH.114
                0x08009b58       0x40 ./Drivers/STM32G4xx_HAL_Driver/stm32g4xx_hal_tim_ex.o
 .rodata.CSWTCH.113
                0x08009b98       0x40 ./Drivers/STM32G4xx_HAL_Driver/stm32g4xx_hal_tim_ex.o
 .rodata.CSWTCH.112
                0x08009bd8       0x40 ./Drivers/STM32G4xx_HAL_Driver/stm32g4xx_hal_tim_ex.o
 .rodata.UARTPrescTable
                0x08009c18       0x18 ./Drivers/STM32G4xx_HAL_Driver/stm32g4xx_hal_uart.o
                0x08009c18                UARTPrescTable
 .rodata.denominator.0
                0x08009c30        0x8 ./Drivers/STM32G4xx_HAL_Driver/stm32g4xx_hal_uart_ex.o
 .rodata.numerator.1
                0x08009c38        0x8 ./Drivers/STM32G4xx_HAL_Driver/stm32g4xx_hal_uart_ex.o
 .rodata._svfprintf_r.str1.1
                0x08009c40       0x33 C:/ST/STM32CubeIDE_2.0.0/STM32CubeIDE/plugins/com.st.stm32cube.ide.mcu.externaltools.gnu-tools-for-stm32.13.3.rel1.win32_1.0.100.202509120712/tools/bin/../lib/gcc/arm-none-eabi/13.3.1/../../../../arm-none-eabi/lib/thumb/v7e-m+fp/hard\libc_nano.a(libc_a-nano-svfprintf.o)
                                 0x11 (size before relaxing)
 .rodata._printf_i.str1.1
                0x08009c73        0x0 C:/ST/STM32CubeIDE_2.0.0/STM32CubeIDE/plugins/com.st.stm32cube.ide.mcu.externaltools.gnu-tools-for-stm32.13.3.rel1.win32_1.0.100.202509120712/tools/bin/../lib/gcc/arm-none-eabi/13.3.1/../../../../arm-none-eabi/lib/thumb/v7e-m+fp/hard\libc_nano.a(libc_a-nano-vfprintf_i.o)
                                 0x22 (size before relaxing)
                0x08009c74                        . = ALIGN (0x4)
 *fill*         0x08009c73        0x1 

.ARM.extab      0x08009c74        0x0
                0x08009c74                        . = ALIGN (0x4)
 *(.ARM.extab* .gnu.linkonce.armextab.*)
                0x08009c74                        . = ALIGN (0x4)

.ARM            0x08009c74        0x8
                0x08009c74                        . = ALIGN (0x4)
                0x08009c74                        __exidx_start = .
 *(.ARM.exidx*)
 .ARM.exidx     0x08009c74        0x8 C:/ST/STM32CubeIDE_2.0.0/STM32CubeIDE/plugins/com.st.stm32cube.ide.mcu.externaltools.gnu-tools-for-stm32.13.3.rel1.win32_1.0.100.202509120712/tools/bin/../lib/gcc/arm-none-eabi/13.3.1/../../../../arm-none-eabi/lib/thumb/v7e-m+fp/hard\libc_nano.a(libc_a-strlen.o)
 .ARM.exidx     0x08009c7c        0x0 C:/ST/STM32CubeIDE_2.0.0/STM32CubeIDE/plugins/com.st.stm32cube.ide.mcu.externaltools.gnu-tools-for-stm32.13.3.rel1.win32_1.0.100.202509120712/tools/bin/../lib/gcc/arm-none-eabi/13.3.1/../../../../arm-none-eabi/lib/thumb/v7e-m+fp/hard\libc_nano.a(libc_a-memchr.o)
                                  0x8 (size before relaxing)
 .ARM.exidx     0x08009c7c        0x0 C:/ST/STM32CubeIDE_2.0.0/STM32CubeIDE/plugins/com.st.stm32cube.ide.mcu.externaltools.gnu-tools-for-stm32.13.3.rel1.win32_1.0.100.202509120712/tools/bin/../lib/gcc/arm-none-eabi/13.3.1/thumb/v7e-m+fp/hard\libgcc.a(_udivmoddi4.o)
                                  0x8 (size before relaxing)
                0x08009c7c                        __exidx_end = .
                0x08009c7c                        . = ALIGN (0x4)

.preinit_array  0x08009c7c        0x0
                0x08009c7c                        . = ALIGN (0x4)
                0x08009c7c                        PROVIDE (__preinit_array_start = .)
 *(.preinit_array*)
                0x08009c7c                        PROVIDE (__preinit_array_end = .)
                0x08009c7c                        . = ALIGN (0x4)

.init_array     0x08009c7c        0x4
                0x08009c7c                        . = ALIGN (0x4)
                0x08009c7c                        PROVIDE (__init_array_start = .)
 *(SORT_BY_NAME(.init_array.*))
 *(.init_array*)
 .init_array    0x08009c7c        0x4 C:/ST/STM32CubeIDE_2.0.0/STM32CubeIDE/plugins/com.st.stm32cube.ide.mcu.externaltools.gnu-tools-for-stm32.13.3.rel1.win32_1.0.100.202509120712/tools/bin/../lib/gcc/arm-none-eabi/13.3.1/thumb/v7e-m+fp/hard/crtbegin.o
                0x08009c80                        PROVIDE (__init_array_end = .)
                0x08009c80                        . = ALIGN (0x4)

.fini_array     0x08009c80        0x4
                0x08009c80                        . = ALIGN (0x4)
                [!provide]                        PROVIDE (__fini_array_start = .)
 *(SORT_BY_NAME(.fini_array.*))
 *(.fini_array*)
 .fini_array    0x08009c80        0x4 C:/ST/STM32CubeIDE_2.0.0/STM32CubeIDE/plugins/com.st.stm32cube.ide.mcu.externaltools.gnu-tools-for-stm32.13.3.rel1.win32_1.0.100.202509120712/tools/bin/../lib/gcc/arm-none-eabi/13.3.1/thumb/v7e-m+fp/hard/crtbegin.o
                [!provide]                        PROVIDE (__fini_array_end = .)
                0x08009c84                        . = ALIGN (0x4)
                0x08009c84                        _sidata = LOADADDR (.data)

.rel.dyn        0x08009c84        0x0
 .rel.iplt      0x08009c84        0x0 C:/ST/STM32CubeIDE_2.0.0/STM32CubeIDE/plugins/com.st.stm32cube.ide.mcu.externaltools.gnu-tools-for-stm32.13.3.rel1.win32_1.0.100.202509120712/tools/bin/../lib/gcc/arm-none-eabi/13.3.1/thumb/v7e-m+fp/hard/crtbegin.o

.data           0x20000000      0x54c load address 0x08009c84
                0x20000000                        . = ALIGN (0x4)
                0x20000000                        _sdata = .
 *(.data)
 *(.data*)
 .data.s_vdc_period_ms.10
                0x20000000        0x4 ./Application/User/main.o
 .data.Mci      0x20000004       0x2c ./Application/User/mc_config.o
                0x20000004                Mci
 .data.pMPM     0x20000030        0x4 ./Application/User/mc_config.o
                0x20000030                pMPM
 .data.pPIDId   0x20000034        0x4 ./Application/User/mc_config.o
                0x20000034                pPIDId
 .data.pPIDIq   0x20000038        0x4 ./Application/User/mc_config.o
                0x20000038                pPIDIq
 .data.pSTC     0x2000003c        0x4 ./Application/User/mc_config.o
                0x2000003c                pSTC
 .data.CircleLimitationM1
                0x20000040        0x4 ./Application/User/mc_config.o
                0x20000040                CircleLimitationM1
 .data.RampExtMngrHFParamsM1
                0x20000044       0x18 ./Application/User/mc_config.o
                0x20000044                RampExtMngrHFParamsM1
 .data.PWM_Handle_M1
                0x2000005c       0x98 ./Application/User/mc_config.o
                0x2000005c                PWM_Handle_M1
 .data.OpenLoop_ParamsM1
                0x200000f4       0x10 ./Application/User/mc_config.o
                0x200000f4                OpenLoop_ParamsM1
 .data.STO_M1   0x20000104       0x14 ./Application/User/mc_config.o
                0x20000104                STO_M1
 .data.STO_PLL_M1
                0x20000118      0x128 ./Application/User/mc_config.o
                0x20000118                STO_PLL_M1
 .data.RevUpControlM1
                0x20000240       0x78 ./Application/User/mc_config.o
                0x20000240                RevUpControlM1
 .data.SpeednTorqCtrlM1
                0x200002b8       0x38 ./Application/User/mc_config.o
                0x200002b8                SpeednTorqCtrlM1
 .data.PIDIdHandle_M1
                0x200002f0       0x2c ./Application/User/mc_config.o
                0x200002f0                PIDIdHandle_M1
 .data.PIDIqHandle_M1
                0x2000031c       0x2c ./Application/User/mc_config.o
                0x2000031c                PIDIqHandle_M1
 .data.PIDSpeedHandle_M1
                0x20000348       0x2c ./Application/User/mc_config.o
                0x20000348                PIDSpeedHandle_M1
 .data.PQD_MotorPowMeasM1
                0x20000374       0x10 ./Application/User/mc_config.o
                0x20000374                PQD_MotorPowMeasM1
 .data.BusVoltageSensor_M1
                0x20000384       0x12 ./Application/User/mc_config_common.o
                0x20000384                BusVoltageSensor_M1
 *fill*         0x20000396        0x2 
 .data.VbusRegConv_M1
                0x20000398       0x10 ./Application/User/mc_config_common.o
                0x20000398                VbusRegConv_M1
 .data.TempSensor_M1
                0x200003a8       0x18 ./Application/User/mc_config_common.o
                0x200003a8                TempSensor_M1
 .data.TempRegConv_M1
                0x200003c0       0x10 ./Application/User/mc_config_common.o
                0x200003c0                TempRegConv_M1
 .data.VirtualSpeedSensorM1
                0x200003d0       0x38 ./Application/User/mc_config_common.o
                0x200003d0                VirtualSpeedSensorM1
 .data.ApplicationConfig_reg
                0x20000408        0x4 ./Application/User/mc_configuration_registers.o
                0x20000408                ApplicationConfig_reg
 .data.MotorConfig_reg
                0x2000040c        0x4 ./Application/User/mc_configuration_registers.o
                0x2000040c                MotorConfig_reg
 .data.FOCConfig_reg
                0x20000410        0x4 ./Application/User/mc_configuration_registers.o
                0x20000410                FOCConfig_reg
 .data.PWR_BOARD_NAME
                0x20000414        0x4 ./Application/User/mc_configuration_registers.o
                0x20000414                PWR_BOARD_NAME
 .data.scaleParams_M1
                0x20000418       0x10 ./Application/User/mc_parameters.o
                0x20000418                scaleParams_M1
 .data.MCPA_UART_A
                0x20000428       0x2c ./Application/User/mcp_config.o
                0x20000428                MCPA_UART_A
 .data.MCP_Over_UartA
                0x20000454       0x10 ./Application/User/mcp_config.o
                0x20000454                MCP_Over_UartA
 .data.aspepOverUartA
                0x20000464       0x74 ./Application/User/mcp_config.o
                0x20000464                aspepOverUartA
 .data.UASPEP_A
                0x200004d8       0x14 ./Application/User/mcp_config.o
 .data.SystickDividerCounter.0
                0x200004ec        0x1 ./Application/User/stm32_mc_common_it.o
 *fill*         0x200004ed        0x3 
 .data.SystemCoreClock
                0x200004f0        0x4 ./Drivers/CMSIS/system_stm32g4xx.o
                0x200004f0                SystemCoreClock
 .data.uwTickFreq
                0x200004f4        0x4 ./Drivers/STM32G4xx_HAL_Driver/stm32g4xx_hal.o
                0x200004f4                uwTickFreq
 .data.uwTickPrio
                0x200004f8        0x4 ./Drivers/STM32G4xx_HAL_Driver/stm32g4xx_hal.o
                0x200004f8                uwTickPrio
 .data._impure_ptr
                0x200004fc        0x4 C:/ST/STM32CubeIDE_2.0.0/STM32CubeIDE/plugins/com.st.stm32cube.ide.mcu.externaltools.gnu-tools-for-stm32.13.3.rel1.win32_1.0.100.202509120712/tools/bin/../lib/gcc/arm-none-eabi/13.3.1/../../../../arm-none-eabi/lib/thumb/v7e-m+fp/hard\libc_nano.a(libc_a-impure.o)
                0x200004fc                _impure_ptr
 .data._impure_data
                0x20000500       0x4c C:/ST/STM32CubeIDE_2.0.0/STM32CubeIDE/plugins/com.st.stm32cube.ide.mcu.externaltools.gnu-tools-for-stm32.13.3.rel1.win32_1.0.100.202509120712/tools/bin/../lib/gcc/arm-none-eabi/13.3.1/../../../../arm-none-eabi/lib/thumb/v7e-m+fp/hard\libc_nano.a(libc_a-impure.o)
                0x20000500                _impure_data
 *(.RamFunc)
 *(.RamFunc*)
                0x2000054c                        . = ALIGN (0x4)
                0x2000054c                        _edata = .

.igot.plt       0x2000054c        0x0 load address 0x0800a1d0
 .igot.plt      0x2000054c        0x0 C:/ST/STM32CubeIDE_2.0.0/STM32CubeIDE/plugins/com.st.stm32cube.ide.mcu.externaltools.gnu-tools-for-stm32.13.3.rel1.win32_1.0.100.202509120712/tools/bin/../lib/gcc/arm-none-eabi/13.3.1/thumb/v7e-m+fp/hard/crtbegin.o
                0x2000054c                        . = ALIGN (0x4)

.bss            0x2000054c     0x1718 load address 0x0800a1d0
                0x2000054c                        _sbss = .
                0x2000054c                        __bss_start__ = _sbss
 *(.bss)
 .bss           0x2000054c       0x1c C:/ST/STM32CubeIDE_2.0.0/STM32CubeIDE/plugins/com.st.stm32cube.ide.mcu.externaltools.gnu-tools-for-stm32.13.3.rel1.win32_1.0.100.202509120712/tools/bin/../lib/gcc/arm-none-eabi/13.3.1/thumb/v7e-m+fp/hard/crtbegin.o
 *(.bss*)
 .bss.nullData16.0
                0x20000568        0x2 ./Application/User/hf_registers.o
 *fill*         0x2000056a        0x2 
 .bss.s_last_print.0
                0x2000056c        0x4 ./Application/User/main.o
 .bss.s_stable_voltage_start_time.1
                0x20000570        0x4 ./Application/User/main.o
 .bss.s_allow_reset_after_power_cycle.2
                0x20000574        0x1 ./Application/User/main.o
 .bss.s_is_voltage_stable.3
                0x20000575        0x1 ./Application/User/main.o
 .bss.s_is_isns_v_ok.4
                0x20000576        0x1 ./Application/User/main.o
 .bss.s_is_isns_u_ok.5
                0x20000577        0x1 ./Application/User/main.o
 .bss.s_isns_last_toggle.6
                0x20000578        0x4 ./Application/User/main.o
 .bss.s_is_tsns_ok.7
                0x2000057c        0x1 ./Application/User/main.o
 *fill*         0x2000057d        0x3 
 .bss.s_last_tsns_tick.8
                0x20000580        0x4 ./Application/User/main.o
 .bss.s_is_vdc_ok.9
                0x20000584        0x1 ./Application/User/main.o
 *fill*         0x20000585        0x3 
 .bss.s_last_vdc_tick.11
                0x20000588        0x4 ./Application/User/main.o
 .bss.s_last_toggle.12
                0x2000058c        0x4 ./Application/User/main.o
 .bss.hdma_usart3_tx
                0x20000590       0x60 ./Application/User/main.o
                0x20000590                hdma_usart3_tx
 .bss.hdma_usart3_rx
                0x200005f0       0x60 ./Application/User/main.o
                0x200005f0                hdma_usart3_rx
 .bss.huart3    0x20000650       0x94 ./Application/User/main.o
                0x20000650                huart3
 .bss.htim1     0x200006e4       0x4c ./Application/User/main.o
                0x200006e4                htim1
 .bss.hcordic   0x20000730       0x28 ./Application/User/main.o
                0x20000730                hcordic
 .bss.hadc2     0x20000758       0x6c ./Application/User/main.o
                0x20000758                hadc2
 .bss.hadc1     0x200007c4       0x6c ./Application/User/main.o
                0x200007c4                hadc1
 .bss.pREMNG    0x20000830        0x4 ./Application/User/mc_config.o
                0x20000830                pREMNG
 .bss.FOCVars   0x20000834       0x22 ./Application/User/mc_config.o
                0x20000834                FOCVars
 *fill*         0x20000856        0x2 
 .bss.pwmcHandle
                0x20000858        0x4 ./Application/User/mc_config_common.o
                0x20000858                pwmcHandle
 .bss.bMCBootCompleted
                0x2000085c        0x1 ./Application/User/mc_tasks.o
 *fill*         0x2000085d        0x1 
 .bss.hStopPermanencyCounterM1
                0x2000085e        0x2 ./Application/User/mc_tasks.o
 .bss.hBootCapDelayCounterM1
                0x20000860        0x2 ./Application/User/mc_tasks.o
 .bss.hMFTaskCounterM1
                0x20000862        0x2 ./Application/User/mc_tasks.o
 .bss.pOpenLoop
                0x20000864        0x4 ./Application/User/mc_tasks_foc.o
                0x20000864                pOpenLoop
 .bss.MCP_UserCallBack
                0x20000868        0x8 ./Application/User/mcp_config.o
                0x20000868                MCP_UserCallBack
 .bss.dataSizeTableBuffA
                0x20000870        0xa ./Application/User/mcp_config.o
 *fill*         0x2000087a        0x2 
 .bss.dataSizeTableA
                0x2000087c        0xa ./Application/User/mcp_config.o
 *fill*         0x20000886        0x2 
 .bss.dataPtrTableBuffA
                0x20000888       0x28 ./Application/User/mcp_config.o
 .bss.dataPtrTableA
                0x200008b0       0x28 ./Application/User/mcp_config.o
 .bss.MCPAsyncBuffUARTA_B
                0x200008d8      0x806 ./Application/User/mcp_config.o
 *fill*         0x200010de        0x2 
 .bss.MCPAsyncBuffUARTA_A
                0x200010e0      0x806 ./Application/User/mcp_config.o
 *fill*         0x200018e6        0x2 
 .bss.MCPSyncRXBuff
                0x200018e8      0x102 ./Application/User/mcp_config.o
 *fill*         0x200019ea        0x2 
 .bss.MCPSyncTxBuff
                0x200019ec      0x106 ./Application/User/mcp_config.o
 *fill*         0x20001af2        0x2 
 .bss.pMCI      0x20001af4        0x4 ./Application/User/motorcontrol.o
                0x20001af4                pMCI
 .bss.RCM_conversion_nb
                0x20001af8        0x1 ./Application/User/regular_conversion_manager.o
 .bss.RCM_array_index
                0x20001af9        0x1 ./Application/User/regular_conversion_manager.o
 *fill*         0x20001afa        0x2 
 .bss.RCM_handle_array
                0x20001afc       0x10 ./Application/User/regular_conversion_manager.o
 .bss.HAL_RCC_ADC12_CLK_ENABLED
                0x20001b0c        0x4 ./Application/User/stm32g4xx_hal_msp.o
 .bss.__sbrk_heap_end
                0x20001b10        0x4 ./Application/User/sysmem.o
 .bss.uwTick    0x20001b14        0x4 ./Drivers/STM32G4xx_HAL_Driver/stm32g4xx_hal.o
                0x20001b14                uwTick
 .bss.GLOBAL_TIMESTAMP
                0x20001b18        0x4 ./Middlewares/MotorControl/mcpa.o
                0x20001b18                GLOBAL_TIMESTAMP
 .bss.__sf      0x20001b1c      0x138 C:/ST/STM32CubeIDE_2.0.0/STM32CubeIDE/plugins/com.st.stm32cube.ide.mcu.externaltools.gnu-tools-for-stm32.13.3.rel1.win32_1.0.100.202509120712/tools/bin/../lib/gcc/arm-none-eabi/13.3.1/../../../../arm-none-eabi/lib/thumb/v7e-m+fp/hard\libc_nano.a(libc_a-findfp.o)
                0x20001b1c                __sf
 .bss.errno     0x20001c54        0x4 C:/ST/STM32CubeIDE_2.0.0/STM32CubeIDE/plugins/com.st.stm32cube.ide.mcu.externaltools.gnu-tools-for-stm32.13.3.rel1.win32_1.0.100.202509120712/tools/bin/../lib/gcc/arm-none-eabi/13.3.1/../../../../arm-none-eabi/lib/thumb/v7e-m+fp/hard\libc_nano.a(libc_a-reent.o)
                0x20001c54                errno
 .bss.__lock___malloc_recursive_mutex
                0x20001c58        0x1 C:/ST/STM32CubeIDE_2.0.0/STM32CubeIDE/plugins/com.st.stm32cube.ide.mcu.externaltools.gnu-tools-for-stm32.13.3.rel1.win32_1.0.100.202509120712/tools/bin/../lib/gcc/arm-none-eabi/13.3.1/../../../../arm-none-eabi/lib/thumb/v7e-m+fp/hard\libc_nano.a(libc_a-lock.o)
                0x20001c58                __lock___malloc_recursive_mutex
 *fill*         0x20001c59        0x3 
 .bss.__malloc_sbrk_start
                0x20001c5c        0x4 C:/ST/STM32CubeIDE_2.0.0/STM32CubeIDE/plugins/com.st.stm32cube.ide.mcu.externaltools.gnu-tools-for-stm32.13.3.rel1.win32_1.0.100.202509120712/tools/bin/../lib/gcc/arm-none-eabi/13.3.1/../../../../arm-none-eabi/lib/thumb/v7e-m+fp/hard\libc_nano.a(libc_a-mallocr.o)
                0x20001c5c                __malloc_sbrk_start
 .bss.__malloc_free_list
                0x20001c60        0x4 C:/ST/STM32CubeIDE_2.0.0/STM32CubeIDE/plugins/com.st.stm32cube.ide.mcu.externaltools.gnu-tools-for-stm32.13.3.rel1.win32_1.0.100.202509120712/tools/bin/../lib/gcc/arm-none-eabi/13.3.1/../../../../arm-none-eabi/lib/thumb/v7e-m+fp/hard\libc_nano.a(libc_a-mallocr.o)
                0x20001c60                __malloc_free_list
 *(COMMON)
                0x20001c64                        . = ALIGN (0x4)
                0x20001c64                        _ebss = .
                0x20001c64                        __bss_end__ = _ebss

._user_heap_stack
                0x20001c64      0x604 load address 0x0800a1d0
                0x20001c68                        . = ALIGN (0x8)
 *fill*         0x20001c64        0x4 
                [!provide]                        PROVIDE (end = .)
                0x20001c68                        PROVIDE (_end = .)
                0x20001e68                        . = (. + _Min_Heap_Size)
 *fill*         0x20001c68      0x200 
                0x20002268                        . = (. + _Min_Stack_Size)
 *fill*         0x20001e68      0x400 
                0x20002268                        . = ALIGN (0x8)

/DISCARD/
 libc.a(*)
 libm.a(*)
 libgcc.a(*)

.ARM.attributes
                0x00000000       0x30
 *(.ARM.attributes)
 .ARM.attributes
                0x00000000       0x22 C:/ST/STM32CubeIDE_2.0.0/STM32CubeIDE/plugins/com.st.stm32cube.ide.mcu.externaltools.gnu-tools-for-stm32.13.3.rel1.win32_1.0.100.202509120712/tools/bin/../lib/gcc/arm-none-eabi/13.3.1/thumb/v7e-m+fp/hard/crti.o
 .ARM.attributes
                0x00000022       0x34 C:/ST/STM32CubeIDE_2.0.0/STM32CubeIDE/plugins/com.st.stm32cube.ide.mcu.externaltools.gnu-tools-for-stm32.13.3.rel1.win32_1.0.100.202509120712/tools/bin/../lib/gcc/arm-none-eabi/13.3.1/thumb/v7e-m+fp/hard/crtbegin.o
 .ARM.attributes
                0x00000056       0x21 ./Application/Startup/startup_stm32g431cbux.o
 .ARM.attributes
                0x00000077       0x30 ./Application/User/aspep.o
 .ARM.attributes
                0x000000a7       0x30 ./Application/User/hf_registers.o
 .ARM.attributes
                0x000000d7       0x30 ./Application/User/main.o
 .ARM.attributes
                0x00000107       0x30 ./Application/User/mc_api.o
 .ARM.attributes
                0x00000137       0x30 ./Application/User/mc_app_hooks.o
 .ARM.attributes
                0x00000167       0x30 ./Application/User/mc_config.o
 .ARM.attributes
                0x00000197       0x30 ./Application/User/mc_config_common.o
 .ARM.attributes
                0x000001c7       0x30 ./Application/User/mc_configuration_registers.o
 .ARM.attributes
                0x000001f7       0x30 ./Application/User/mc_interface.o
 .ARM.attributes
                0x00000227       0x30 ./Application/User/mc_math.o
 .ARM.attributes
                0x00000257       0x30 ./Application/User/mc_parameters.o
 .ARM.attributes
                0x00000287       0x30 ./Application/User/mc_tasks.o
 .ARM.attributes
                0x000002b7       0x30 ./Application/User/mc_tasks_foc.o
 .ARM.attributes
                0x000002e7       0x30 ./Application/User/mcp.o
 .ARM.attributes
                0x00000317       0x30 ./Application/User/mcp_config.o
 .ARM.attributes
                0x00000347       0x30 ./Application/User/motorcontrol.o
 .ARM.attributes
                0x00000377       0x30 ./Application/User/pwm_common.o
 .ARM.attributes
                0x000003a7       0x30 ./Application/User/pwm_curr_fdbk.o
 .ARM.attributes
                0x000003d7       0x30 ./Application/User/regular_conversion_manager.o
 .ARM.attributes
                0x00000407       0x30 ./Application/User/speed_torq_ctrl.o
 .ARM.attributes
                0x00000437       0x30 ./Application/User/stm32_mc_common_it.o
 .ARM.attributes
                0x00000467       0x30 ./Application/User/stm32g4xx_hal_msp.o
 .ARM.attributes
                0x00000497       0x30 ./Application/User/stm32g4xx_mc_it.o
 .ARM.attributes
                0x000004c7       0x30 ./Application/User/sync_registers.o
 .ARM.attributes
                0x000004f7       0x30 ./Application/User/sysmem.o
 .ARM.attributes
                0x00000527       0x30 ./Application/User/usart_aspep_driver.o
 .ARM.attributes
                0x00000557       0x30 ./Drivers/CMSIS/system_stm32g4xx.o
 .ARM.attributes
                0x00000587       0x30 ./Drivers/STM32G4xx_HAL_Driver/stm32g4xx_hal.o
 .ARM.attributes
                0x000005b7       0x30 ./Drivers/STM32G4xx_HAL_Driver/stm32g4xx_hal_adc.o
 .ARM.attributes
                0x000005e7       0x30 ./Drivers/STM32G4xx_HAL_Driver/stm32g4xx_hal_adc_ex.o
 .ARM.attributes
                0x00000617       0x30 ./Drivers/STM32G4xx_HAL_Driver/stm32g4xx_hal_cordic.o
 .ARM.attributes
                0x00000647       0x30 ./Drivers/STM32G4xx_HAL_Driver/stm32g4xx_hal_cortex.o
 .ARM.attributes
                0x00000677       0x30 ./Drivers/STM32G4xx_HAL_Driver/stm32g4xx_hal_dma.o
 .ARM.attributes
                0x000006a7       0x30 ./Drivers/STM32G4xx_HAL_Driver/stm32g4xx_hal_gpio.o
 .ARM.attributes
                0x000006d7       0x30 ./Drivers/STM32G4xx_HAL_Driver/stm32g4xx_hal_pwr_ex.o
 .ARM.attributes
                0x00000707       0x30 ./Drivers/STM32G4xx_HAL_Driver/stm32g4xx_hal_rcc.o
 .ARM.attributes
                0x00000737       0x30 ./Drivers/STM32G4xx_HAL_Driver/stm32g4xx_hal_rcc_ex.o
 .ARM.attributes
                0x00000767       0x30 ./Drivers/STM32G4xx_HAL_Driver/stm32g4xx_hal_tim.o
 .ARM.attributes
                0x00000797       0x30 ./Drivers/STM32G4xx_HAL_Driver/stm32g4xx_hal_tim_ex.o
 .ARM.attributes
                0x000007c7       0x30 ./Drivers/STM32G4xx_HAL_Driver/stm32g4xx_hal_uart.o
 .ARM.attributes
                0x000007f7       0x30 ./Drivers/STM32G4xx_HAL_Driver/stm32g4xx_hal_uart_ex.o
 .ARM.attributes
                0x00000827       0x30 ./Middlewares/MotorControl/bus_voltage_sensor.o
 .ARM.attributes
                0x00000857       0x30 ./Middlewares/MotorControl/circle_limitation.o
 .ARM.attributes
                0x00000887       0x30 ./Middlewares/MotorControl/ics_g4xx_pwm_curr_fdbk.o
 .ARM.attributes
                0x000008b7       0x30 ./Middlewares/MotorControl/mcpa.o
 .ARM.attributes
                0x000008e7       0x30 ./Middlewares/MotorControl/ntc_temperature_sensor.o
 .ARM.attributes
                0x00000917       0x30 ./Middlewares/MotorControl/open_loop.o
 .ARM.attributes
                0x00000947       0x30 ./Middlewares/MotorControl/pid_regulator.o
 .ARM.attributes